Component: Arm Compiler for Embedded 6.22 Tool: armlink [5ee90200]

==============================================================================

Section Cross References

    startup_stm32f407xx.o(STACK) refers (Special) to heapauxi.o(.text) for __use_two_region_memory
    startup_stm32f407xx.o(HEAP) refers (Special) to heapauxi.o(.text) for __use_two_region_memory
    startup_stm32f407xx.o(RESET) refers (Special) to heapauxi.o(.text) for __use_two_region_memory
    startup_stm32f407xx.o(RESET) refers to startup_stm32f407xx.o(STACK) for __initial_sp
    startup_stm32f407xx.o(RESET) refers to startup_stm32f407xx.o(.text) for Reset_Handler
    startup_stm32f407xx.o(RESET) refers to stm32f4xx_it.o(.text.NMI_Handler) for NMI_Handler
    startup_stm32f407xx.o(RESET) refers to stm32f4xx_it.o(.text.HardFault_Handler) for HardFault_Handler
    startup_stm32f407xx.o(RESET) refers to stm32f4xx_it.o(.text.MemManage_Handler) for MemManage_Handler
    startup_stm32f407xx.o(RESET) refers to stm32f4xx_it.o(.text.BusFault_Handler) for BusFault_Handler
    startup_stm32f407xx.o(RESET) refers to stm32f4xx_it.o(.text.UsageFault_Handler) for UsageFault_Handler
    startup_stm32f407xx.o(RESET) refers to port.o(.text.SVC_Handler) for SVC_Handler
    startup_stm32f407xx.o(RESET) refers to stm32f4xx_it.o(.text.DebugMon_Handler) for DebugMon_Handler
    startup_stm32f407xx.o(RESET) refers to port.o(.text.PendSV_Handler) for PendSV_Handler
    startup_stm32f407xx.o(RESET) refers to port.o(.text.SysTick_Handler) for SysTick_Handler
    startup_stm32f407xx.o(RESET) refers to stm32f4xx_it.o(.text.DMA1_Stream1_IRQHandler) for DMA1_Stream1_IRQHandler
    startup_stm32f407xx.o(RESET) refers to stm32f4xx_it.o(.text.DMA1_Stream3_IRQHandler) for DMA1_Stream3_IRQHandler
    startup_stm32f407xx.o(RESET) refers to stm32f4xx_it.o(.text.CAN1_TX_IRQHandler) for CAN1_TX_IRQHandler
    startup_stm32f407xx.o(RESET) refers to stm32f4xx_it.o(.text.CAN1_RX0_IRQHandler) for CAN1_RX0_IRQHandler
    startup_stm32f407xx.o(RESET) refers to stm32f4xx_it.o(.text.CAN1_RX1_IRQHandler) for CAN1_RX1_IRQHandler
    startup_stm32f407xx.o(RESET) refers to stm32f4xx_it.o(.text.CAN1_SCE_IRQHandler) for CAN1_SCE_IRQHandler
    startup_stm32f407xx.o(RESET) refers to stm32f4xx_it.o(.text.TIM1_UP_TIM10_IRQHandler) for TIM1_UP_TIM10_IRQHandler
    startup_stm32f407xx.o(RESET) refers to stm32f4xx_it.o(.text.TIM4_IRQHandler) for TIM4_IRQHandler
    startup_stm32f407xx.o(RESET) refers to stm32f4xx_it.o(.text.USART1_IRQHandler) for USART1_IRQHandler
    startup_stm32f407xx.o(RESET) refers to stm32f4xx_it.o(.text.USART3_IRQHandler) for USART3_IRQHandler
    startup_stm32f407xx.o(RESET) refers to stm32f4xx_it.o(.text.DMA2_Stream1_IRQHandler) for DMA2_Stream1_IRQHandler
    startup_stm32f407xx.o(RESET) refers to stm32f4xx_it.o(.text.DMA2_Stream2_IRQHandler) for DMA2_Stream2_IRQHandler
    startup_stm32f407xx.o(RESET) refers to stm32f4xx_it.o(.text.CAN2_RX0_IRQHandler) for CAN2_RX0_IRQHandler
    startup_stm32f407xx.o(RESET) refers to stm32f4xx_it.o(.text.DMA2_Stream6_IRQHandler) for DMA2_Stream6_IRQHandler
    startup_stm32f407xx.o(RESET) refers to stm32f4xx_it.o(.text.DMA2_Stream7_IRQHandler) for DMA2_Stream7_IRQHandler
    startup_stm32f407xx.o(RESET) refers to stm32f4xx_it.o(.text.USART6_IRQHandler) for USART6_IRQHandler
    startup_stm32f407xx.o(.text) refers (Special) to heapauxi.o(.text) for __use_two_region_memory
    startup_stm32f407xx.o(.text) refers to system_stm32f4xx.o(.text.SystemInit) for SystemInit
    startup_stm32f407xx.o(.text) refers to __main.o(!!!main) for __main
    startup_stm32f407xx.o(.text) refers to startup_stm32f407xx.o(HEAP) for Heap_Mem
    startup_stm32f407xx.o(.text) refers to startup_stm32f407xx.o(STACK) for Stack_Mem
    main.o(.text.main) refers to stm32f4xx_hal.o(.text.HAL_Init) for HAL_Init
    main.o(.text.main) refers to main.o(.text.SystemClock_Config) for SystemClock_Config
    main.o(.text.main) refers to gpio.o(.text.MX_GPIO_Init) for MX_GPIO_Init
    main.o(.text.main) refers to dma.o(.text.MX_DMA_Init) for MX_DMA_Init
    main.o(.text.main) refers to can.o(.text.MX_CAN1_Init) for MX_CAN1_Init
    main.o(.text.main) refers to usart.o(.text.MX_USART1_UART_Init) for MX_USART1_UART_Init
    main.o(.text.main) refers to usart.o(.text.MX_USART3_UART_Init) for MX_USART3_UART_Init
    main.o(.text.main) refers to usart.o(.text.MX_USART6_UART_Init) for MX_USART6_UART_Init
    main.o(.text.main) refers to tim.o(.text.MX_TIM4_Init) for MX_TIM4_Init
    main.o(.text.main) refers to can.o(.text.MX_CAN2_Init) for MX_CAN2_Init
    main.o(.text.main) refers to tim.o(.bss.htim4) for htim4
    main.o(.text.main) refers to stm32f4xx_hal_tim.o(.text.HAL_TIM_PWM_Start_IT) for HAL_TIM_PWM_Start_IT
    main.o(.text.main) refers to serialcallback.o(.text.RxEventCallback) for RxEventCallback
    main.o(.text.main) refers to usercan.o(.text.CAN_ConfigFilter) for CAN_ConfigFilter
[...]
    __main                                   0x08000189   Thumb Code     8  __main.o(!!!main)
    __scatterload                            0x08000191   Thumb Code     0  __scatter.o(!!!scatter)
    __scatterload_rt2                        0x08000191   Thumb Code    84  __scatter.o(!!!scatter)
    __scatterload_rt2_thumb_only             0x08000191   Thumb Code     0  __scatter.o(!!!scatter)
    __scatterload_loop                       0x0800019b   Thumb Code     0  __scatter.o(!!!scatter)
    __decompress                             0x080001ed   Thumb Code    58  __dczerorl.o(!!dczerorl)
    __decompress0                            0x080001ed   Thumb Code     0  __dczerorl.o(!!dczerorl)
    __scatterload_null                       0x08000229   Thumb Code     2  __scatter.o(!!handler_null)
    __scatterload_zeroinit                   0x0800022d   Thumb Code    28  __scatter_zi.o(!!handler_zi)
    __rt_lib_init                            0x08000249   Thumb Code     0  libinit.o(.ARM.Collect$$libinit$$00000000)
    __rt_lib_init_fp_1                       0x0800024b   Thumb Code     0  libinit2.o(.ARM.Collect$$libinit$$00000001)
    __rt_lib_init_alloca_1                   0x0800024f   Thumb Code     0  libinit2.o(.ARM.Collect$$libinit$$00000030)
    __rt_lib_init_argv_1                     0x0800024f   Thumb Code     0  libinit2.o(.ARM.Collect$$libinit$$0000002E)
    __rt_lib_init_atexit_1                   0x0800024f   Thumb Code     0  libinit2.o(.ARM.Collect$$libinit$$0000001D)
    __rt_lib_init_clock_1                    0x0800024f   Thumb Code     0  libinit2.o(.ARM.Collect$$libinit$$00000023)
    __rt_lib_init_cpp_1                      0x0800024f   Thumb Code     0  libinit2.o(.ARM.Collect$$libinit$$00000034)
    __rt_lib_init_exceptions_1               0x0800024f   Thumb Code     0  libinit2.o(.ARM.Collect$$libinit$$00000032)
    __rt_lib_init_fp_trap_1                  0x0800024f   Thumb Code     0  libinit2.o(.ARM.Collect$$libinit$$00000021)
    __rt_lib_init_getenv_1                   0x0800024f   Thumb Code     0  libinit2.o(.ARM.Collect$$libinit$$00000025)
    __rt_lib_init_heap_1                     0x0800024f   Thumb Code     0  libinit2.o(.ARM.Collect$$libinit$$0000000C)
    __rt_lib_init_lc_collate_1               0x0800024f   Thumb Code     0  libinit2.o(.ARM.Collect$$libinit$$00000013)
    __rt_lib_init_lc_ctype_1                 0x0800024f   Thumb Code     0  libinit2.o(.ARM.Collect$$libinit$$00000015)
    __rt_lib_init_lc_monetary_1              0x0800024f   Thumb Code     0  libinit2.o(.ARM.Collect$$libinit$$00000017)
    __rt_lib_init_lc_numeric_1               0x0800024f   Thumb Code     0  libinit2.o(.ARM.Collect$$libinit$$00000019)
    __rt_lib_init_lc_time_1                  0x0800024f   Thumb Code     0  libinit2.o(.ARM.Collect$$libinit$$0000001B)
    __rt_lib_init_preinit_1                  0x0800024f   Thumb Code     0  libinit2.o(.ARM.Collect$$libinit$$00000006)
    __rt_lib_init_rand_1                     0x0800024f   Thumb Code     0  libinit2.o(.ARM.Collect$$libinit$$00000010)
    __rt_lib_init_relocate_pie_1             0x0800024f   Thumb Code     0  libinit2.o(.ARM.Collect$$libinit$$00000004)
    __rt_lib_init_return                     0x0800024f   Thumb Code     0  libinit2.o(.ARM.Collect$$libinit$$00000035)
    __rt_lib_init_signal_1                   0x0800024f   Thumb Code     0  libinit2.o(.ARM.Collect$$libinit$$0000001F)
    __rt_lib_init_stdio_1                    0x0800024f   Thumb Code     0  libinit2.o(.ARM.Collect$$libinit$$00000027)
    __rt_lib_init_user_alloc_1               0x0800024f   Thumb Code     0  libinit2.o(.ARM.Collect$$libinit$$0000000E)
    __rt_lib_shutdown                        0x08000251   Thumb Code     0  libshutdown.o(.ARM.Collect$$libshutdown$$00000000)
    __rt_lib_shutdown_cpp_1                  0x08000253   Thumb Code     0  libshutdown2.o(.ARM.Collect$$libshutdown$$00000002)
    __rt_lib_shutdown_fp_trap_1              0x08000253   Thumb Code     0  libshutdown2.o(.ARM.Collect$$libshutdown$$00000007)
    __rt_lib_shutdown_heap_1                 0x08000253   Thumb Code     0  libshutdown2.o(.ARM.Collect$$libshutdown$$0000000F)
    __rt_lib_shutdown_return                 0x08000253   Thumb Code     0  libshutdown2.o(.ARM.Collect$$libshutdown$$00000010)
    __rt_lib_shutdown_signal_1               0x08000253   Thumb Code     0  libshutdown2.o(.ARM.Collect$$libshutdown$$0000000A)
    __rt_lib_shutdown_stdio_1                0x08000253   Thumb Code     0  libshutdown2.o(.ARM.Collect$$libshutdown$$00000004)
    __rt_lib_shutdown_user_alloc_1           0x08000253   Thumb Code     0  libshutdown2.o(.ARM.Collect$$libshutdown$$0000000C)
    __rt_entry                               0x08000255   Thumb Code     0  __rtentry.o(.ARM.Collect$$rtentry$$00000000)
    __rt_entry_presh_1                       0x08000255   Thumb Code     0  __rtentry2.o(.ARM.Collect$$rtentry$$00000002)
    __rt_entry_sh                            0x08000255   Thumb Code     0  __rtentry4.o(.ARM.Collect$$rtentry$$00000004)
    __rt_entry_li                            0x0800025b   Thumb Code     0  __rtentry2.o(.ARM.Collect$$rtentry$$0000000A)
    __rt_entry_postsh_1                      0x0800025b   Thumb Code     0  __rtentry2.o(.ARM.Collect$$rtentry$$00000009)
    __rt_entry_main                          0x0800025f   Thumb Code     0  __rtentry2.o(.ARM.Collect$$rtentry$$0000000D)
    __rt_entry_postli_1                      0x0800025f   Thumb Code     0  __rtentry2.o(.ARM.Collect$$rtentry$$0000000C)
    __rt_exit                                0x08000267   Thumb Code     0  rtexit.o(.ARM.Collect$$rtexit$$00000000)
    __rt_exit_ls                             0x08000269   Thumb Code     0  rtexit2.o(.ARM.Collect$$rtexit$$00000003)
    __rt_exit_prels_1                        0x08000269   Thumb Code     0  rtexit2.o(.ARM.Collect$$rtexit$$00000002)
    __rt_exit_exit                           0x0800026d   Thumb Code     0  rtexit2.o(.ARM.Collect$$rtexit$$00000004)
    Reset_Handler                            0x08000275   Thumb Code     8  startup_stm32f407xx.o(.text)
    ADC_IRQHandler                           0x0800028f   Thumb Code     0  startup_stm32f407xx.o(.text)
    CAN2_RX1_IRQHandler                      0x0800028f   Thumb Code     0  startup_stm32f407xx.o(.text)
    CAN2_SCE_IRQHandler                      0x0800028f   Thumb Code     0  startup_stm32f407xx.o(.text)
    CAN2_TX_IRQHandler                       0x0800028f   Thumb Code     0  startup_stm32f407xx.o(.text)
    DCMI_IRQHandler                          0x0800028f   Thumb Code     0  startup_stm32f407xx.o(.text)
    DMA1_Stream0_IRQHandler                  0x0800028f   Thumb Code     0  startup_stm32f407xx.o(.text)
    DMA1_Stream2_IRQHandler                  0x0800028f   Thumb Code     0  startup_stm32f407xx.o(.text)
    DMA1_Stream4_IRQHandler                  0x0800028f   Thumb Code     0  startup_stm32f407xx.o(.text)
    DMA1_Stream5_IRQHandler                  0x0800028f   Thumb Code     0  startup_stm32f407xx.o(.text)
    DMA1_Stream6_IRQHandler                  0x0800028f   Thumb Code     0  startup_stm32f407xx.o(.text)
    DMA1_Stream7_IRQHandler                  0x0800028f   Thumb Code     0  startup_stm32f407xx.o(.text)
    DMA2_Stream0_IRQHandler                  0x0800028f   Thumb Code     0  startup_stm32f407xx.o(.text)
    DMA2_Stream3_IRQHandler                  0x0800028f   Thumb Code     0  startup_stm32f407xx.o(.text)
    DMA2_Stream4_IRQHandler                  0x0800028f   Thumb Code     0  startup_stm32f407xx.o(.text)
    DMA2_Stream5_IRQHandler                  0x0800028f   Thumb Code     0  startup_stm32f407xx.o(.text)
    ETH_IRQHandler                           0x0800028f   Thumb Code     0  startup_stm32f407xx.o(.text)
    ETH_WKUP_IRQHandler                      0x0800028f   Thumb Code     0  startup_stm32f407xx.o(.text)
    EXTI0_IRQHandler                         0x0800028f   Thumb Code     0  startup_stm32f407xx.o(.text)
    EXTI15_10_IRQHandler                     0x0800028f   Thumb Code     0  startup_stm32f407xx.o(.text)
    EXTI1_IRQHandler                         0x0800028f   Thumb Code     0  startup_stm32f407xx.o(.text)
    EXTI2_IRQHandler                         0x0800028f   Thumb Code     0  startup_stm32f407xx.o(.text)
    EXTI3_IRQHandler                         0x0800028f   Thumb Code     0  startup_stm32f407xx.o(.text)
    EXTI4_IRQHandler                         0x0800028f   Thumb Code     0  startup_stm32f407xx.o(.text)
    EXTI9_5_IRQHandler                       0x0800028f   Thumb Code     0  startup_stm32f407xx.o(.text)
    FLASH_IRQHandler                         0x0800028f   Thumb Code     0  startup_stm32f407xx.o(.text)
    FMC_IRQHandler                           0x0800028f   Thumb Code     0  startup_stm32f407xx.o(.text)
    FPU_IRQHandler                           0x0800028f   Thumb Code     0  startup_stm32f407xx.o(.text)
    HASH_RNG_IRQHandler                      0x0800028f   Thumb Code     0  startup_stm32f407xx.o(.text)
    I2C1_ER_IRQHandler                       0x0800028f   Thumb Code     0  startup_stm32f407xx.o(.text)
    I2C1_EV_IRQHandler                       0x0800028f   Thumb Code     0  startup_stm32f407xx.o(.text)
    I2C2_ER_IRQHandler                       0x0800028f   Thumb Code     0  startup_stm32f407xx.o(.text)
    I2C2_EV_IRQHandler                       0x0800028f   Thumb Code     0  startup_stm32f407xx.o(.text)
    I2C3_ER_IRQHandler                       0x0800028f   Thumb Code     0  startup_stm32f407xx.o(.text)
    I2C3_EV_IRQHandler                       0x0800028f   Thumb Code     0  startup_stm32f407xx.o(.text)
    OTG_FS_IRQHandler                        0x0800028f   Thumb Code     0  startup_stm32f407xx.o(.text)
    OTG_FS_WKUP_IRQHandler                   0x0800028f   Thumb Code     0  startup_stm32f407xx.o(.text)
    OTG_HS_EP1_IN_IRQHandler                 0x0800028f   Thumb Code     0  startup_stm32f407xx.o(.text)
    OTG_HS_EP1_OUT_IRQHandler                0x0800028f   Thumb Code     0  startup_stm32f407xx.o(.text)
    OTG_HS_IRQHandler                        0x0800028f   Thumb Code     0  startup_stm32f407xx.o(.text)
    OTG_HS_WKUP_IRQHandler                   0x0800028f   Thumb Code     0  startup_stm32f407xx.o(.text)
    PVD_IRQHandler                           0x0800028f   Thumb Code     0  startup_stm32f407xx.o(.text)
    RCC_IRQHandler                           0x0800028f   Thumb Code     0  startup_stm32f407xx.o(.text)
    RTC_Alarm_IRQHandler                     0x0800028f   Thumb Code     0  startup_stm32f407xx.o(.text)
    RTC_WKUP_IRQHandler                      0x0800028f   Thumb Code     0  startup_stm32f407xx.o(.text)
    SDIO_IRQHandler                          0x0800028f   Thumb Code     0  startup_stm32f407xx.o(.text)
    SPI1_IRQHandler                          0x0800028f   Thumb Code     0  startup_stm32f407xx.o(.text)
    SPI2_IRQHandler                          0x0800028f   Thumb Code     0  startup_stm32f407xx.o(.text)
    SPI3_IRQHandler                          0x0800028f   Thumb Code     0  startup_stm32f407xx.o(.text)
    TAMP_STAMP_IRQHandler                    0x0800028f   Thumb Code     0  startup_stm32f407xx.o(.text)
    TIM1_BRK_TIM9_IRQHandler                 0x0800028f   Thumb Code     0  startup_stm32f407xx.o(.text)
    TIM1_CC_IRQHandler                       0x0800028f   Thumb Code     0  startup_stm32f407xx.o(.text)
    TIM1_TRG_COM_TIM11_IRQHandler            0x0800028f   Thumb Code     0  startup_stm32f407xx.o(.text)
    TIM2_IRQHandler                          0x0800028f   Thumb Code     0  startup_stm32f407xx.o(.text)
    TIM3_IRQHandler                          0x0800028f   Thumb Code     0  startup_stm32f407xx.o(.text)
    TIM5_IRQHandler                          0x0800028f   Thumb Code     0  startup_stm32f407xx.o(.text)
    TIM6_DAC_IRQHandler                      0x0800028f   Thumb Code     0  startup_stm32f407xx.o(.text)
    TIM7_IRQHandler                          0x0800028f   Thumb Code     0  startup_stm32f407xx.o(.text)
    TIM8_BRK_TIM12_IRQHandler                0x0800028f   Thumb Code     0  startup_stm32f407xx.o(.text)
    TIM8_CC_IRQHandler                       0x0800028f   Thumb Code     0  startup_stm32f407xx.o(.text)
    TIM8_TRG_COM_TIM14_IRQHandler            0x0800028f   Thumb Code     0  startup_stm32f407xx.o(.text)
    TIM8_UP_TIM13_IRQHandler                 0x0800028f   Thumb Code     0  startup_stm32f407xx.o(.text)
    UART4_IRQHandler                         0x0800028f   Thumb Code     0  startup_stm32f407xx.o(.text)
    UART5_IRQHandler                         0x0800028f   Thumb Code     0  startup_stm32f407xx.o(.text)
    USART2_IRQHandler                        0x0800028f   Thumb Code     0  startup_stm32f407xx.o(.text)
    WWDG_IRQHandler                          0x0800028f   Thumb Code     0  startup_stm32f407xx.o(.text)
    __user_initial_stackheap                 0x08000291   Thumb Code     0  startup_stm32f407xx.o(.text)
    __aeabi_uldivmod                         0x080002b5   Thumb Code     0  lludivv7m.o(.text)
    _ll_udiv                                 0x080002b5   Thumb Code   240  lludivv7m.o(.text)
    __aeabi_memcpy                           0x080003a5   Thumb Code     0  rt_memcpy_v6.o(.text)
    __rt_memcpy                              0x080003a5   Thumb Code   138  rt_memcpy_v6.o(.text)
    _memcpy_lastbytes                        0x0800040b   Thumb Code     0  rt_memcpy_v6.o(.text)
    __aeabi_memcpy4                          0x0800042f   Thumb Code     0  rt_memcpy_w.o(.text)
    __aeabi_memcpy8                          0x0800042f   Thumb Code     0  rt_memcpy_w.o(.text)
    __rt_memcpy_w                            0x0800042f   Thumb Code   100  rt_memcpy_w.o(.text)
    _memcpy_lastbytes_aligned                0x08000477   Thumb Code     0  rt_memcpy_w.o(.text)
    __aeabi_memclr4                          0x08000493   Thumb Code     0  rt_memclr_w.o(.text)
    __aeabi_memclr8                          0x08000493   Thumb Code     0  rt_memclr_w.o(.text)
    __rt_memclr_w                            0x08000493   Thumb Code     0  rt_memclr_w.o(.text)
    _memset_w                                0x08000497   Thumb Code    74  rt_memclr_w.o(.text)
    __use_two_region_memory                  0x080004e1   Thumb Code     2  heapauxi.o(.text)
    __rt_heap_escrow$2region                 0x080004e3   Thumb Code     2  heapauxi.o(.text)
    __rt_heap_expand$2region                 0x080004e5   Thumb Code     2  heapauxi.o(.text)
    __read_errno                             0x080004e7   Thumb Code    10  _rserrno.o(.text)
    __set_errno                              0x080004f1   Thumb Code    12  _rserrno.o(.text)
    __aeabi_errno_addr                       0x080004fd   Thumb Code     8  rt_errno_addr_intlibspace.o(.text)
    __errno$intlibspace                      0x080004fd   Thumb Code     0  rt_errno_addr_intlibspace.o(.text)
    __rt_errno_addr$intlibspace              0x080004fd   Thumb Code     0  rt_errno_addr_intlibspace.o(.text)
    __user_libspace                          0x08000505   Thumb Code     8  libspace.o(.text)
    __user_perproc_libspace                  0x08000505   Thumb Code     0  libspace.o(.text)
    __user_perthread_libspace                0x08000505   Thumb Code     0  libspace.o(.text)
    __user_setup_stackheap                   0x0800050d   Thumb Code    74  sys_stackheap_outer.o(.text)
    exit                                     0x08000557   Thumb Code    18  exit.o(.text)
    _sys_exit                                0x08000569   Thumb Code     8  sys_exit.o(.text)
    __I$use$semihosting                      0x08000575   Thumb Code     0  use_no_semi.o(.text)
    __use_no_semihosting_swi                 0x08000575   Thumb Code     2  use_no_semi.o(.text)
    __semihosting_library_function           0x08000577   Thumb Code     0  indicate_semi.o(.text)
    BoardCommunication                       0x08000579   Thumb Code   100  taskprocess.o(.text.BoardCommunication)
    BusFault_Handler                         0x080005e1   Thumb Code     2  stm32f4xx_it.o(.text.BusFault_Handler)
    Buzzer                                   0x080005e5   Thumb Code    64  taskprocess.o(.text.Buzzer)
    CAN1_RX0_IRQHandler                      0x08000625   Thumb Code    12  stm32f4xx_it.o(.text.CAN1_RX0_IRQHandler)
    CAN1_RX1_IRQHandler                      0x08000631   Thumb Code    12  stm32f4xx_it.o(.text.CAN1_RX1_IRQHandler)
    CAN1_SCE_IRQHandler                      0x0800063d   Thumb Code    12  stm32f4xx_it.o(.text.CAN1_SCE_IRQHandler)
    CAN1_TX_IRQHandler                       0x08000649   Thumb Code    12  stm32f4xx_it.o(.text.CAN1_TX_IRQHandler)
    CAN2_RX0_IRQHandler                      0x08000655   Thumb Code    12  stm32f4xx_it.o(.text.CAN2_RX0_IRQHandler)
    CAN_ConfigFilter                         0x08000661   Thumb Code   166  usercan.o(.text.CAN_ConfigFilter)
    Communication_CtoA_Receive               0x08000709   Thumb Code   152  boardcommunication_ctoa.o(.text.Communication_CtoA_Receive)
    Communication_CtoA_Tansmit               0x080007c1   Thumb Code   108  boardcommunication_ctoa.o(.text.Communication_CtoA_Tansmit)
    DMA1_Stream1_IRQHandler                  0x0800082d   Thumb Code    12  stm32f4xx_it.o(.text.DMA1_Stream1_IRQHandler)
    DMA1_Stream3_IRQHandler                  0x08000839   Thumb Code    12  stm32f4xx_it.o(.text.DMA1_Stream3_IRQHandler)
    DMA2_Stream1_IRQHandler                  0x08000845   Thumb Code    12  stm32f4xx_it.o(.text.DMA2_Stream1_IRQHandler)
    DMA2_Stream2_IRQHandler                  0x08000851   Thumb Code    12  stm32f4xx_it.o(.text.DMA2_Stream2_IRQHandler)
    DMA2_Stream6_IRQHandler                  0x0800085d   Thumb Code    12  stm32f4xx_it.o(.text.DMA2_Stream6_IRQHandler)
    DMA2_Stream7_IRQHandler                  0x08000869   Thumb Code    12  stm32f4xx_it.o(.text.DMA2_Stream7_IRQHandler)
    DebugMon_Handler                         0x08000875   Thumb Code     2  stm32f4xx_it.o(.text.DebugMon_Handler)
    Error_Handler                            0x08000879   Thumb Code     6  main.o(.text.Error_Handler)
    HAL_CAN_ActivateNotification             0x08000881   Thumb Code    38  stm32f4xx_hal_can.o(.text.HAL_CAN_ActivateNotification)
    HAL_CAN_AddTxMessage                     0x080008a9   Thumb Code   148  stm32f4xx_hal_can.o(.text.HAL_CAN_AddTxMessage)
    HAL_CAN_ConfigFilter                     0x0800093d   Thumb Code   222  stm32f4xx_hal_can.o(.text.HAL_CAN_ConfigFilter)
    HAL_CAN_ErrorCallback                    0x08000a1d   Thumb Code     2  stm32f4xx_hal_can.o(.text.HAL_CAN_ErrorCallback)
    HAL_CAN_GetRxMessage                     0x08000a21   Thumb Code   284  stm32f4xx_hal_can.o(.text.HAL_CAN_GetRxMessage)
    HAL_CAN_GetTxMailboxesFreeLevel          0x08000b3d   Thumb Code    40  stm32f4xx_hal_can.o(.text.HAL_CAN_GetTxMailboxesFreeLevel)
    HAL_CAN_IRQHandler                       0x08000b65   Thumb Code   578  stm32f4xx_hal_can.o(.text.HAL_CAN_IRQHandler)
    HAL_CAN_Init                             0x08000da9   Thumb Code   244  stm32f4xx_hal_can.o(.text.HAL_CAN_Init)
    HAL_CAN_MspInit                          0x08000e9d   Thumb Code   352  can.o(.text.HAL_CAN_MspInit)
    HAL_CAN_RxFifo0FullCallback              0x08000ffd   Thumb Code     2  stm32f4xx_hal_can.o(.text.HAL_CAN_RxFifo0FullCallback)
    HAL_CAN_RxFifo0MsgPendingCallback        0x08001001   Thumb Code    78  usercan.o(.text.HAL_CAN_RxFifo0MsgPendingCallback)
    HAL_CAN_RxFifo1FullCallback              0x08001051   Thumb Code     2  stm32f4xx_hal_can.o(.text.HAL_CAN_RxFifo1FullCallback)
    HAL_CAN_RxFifo1MsgPendingCallback        0x08001055   Thumb Code     2  stm32f4xx_hal_can.o(.text.HAL_CAN_RxFifo1MsgPendingCallback)
    HAL_CAN_SleepCallback                    0x08001059   Thumb Code     2  stm32f4xx_hal_can.o(.text.HAL_CAN_SleepCallback)
    HAL_CAN_Start                            0x0800105d   Thumb Code    90  stm32f4xx_hal_can.o(.text.HAL_CAN_Start)
    HAL_CAN_TxMailbox0AbortCallback          0x080010b9   Thumb Code     2  stm32f4xx_hal_can.o(.text.HAL_CAN_TxMailbox0AbortCallback)
    HAL_CAN_TxMailbox0CompleteCallback       0x080010bd   Thumb Code     2  stm32f4xx_hal_can.o(.text.HAL_CAN_TxMailbox0CompleteCallback)
    HAL_CAN_TxMailbox1AbortCallback          0x080010c1   Thumb Code     2  stm32f4xx_hal_can.o(.text.HAL_CAN_TxMailbox1AbortCallback)
    HAL_CAN_TxMailbox1CompleteCallback       0x080010c5   Thumb Code     2  stm32f4xx_hal_can.o(.text.HAL_CAN_TxMailbox1CompleteCallback)
    HAL_CAN_TxMailbox2AbortCallback          0x080010c9   Thumb Code     2  stm32f4xx_hal_can.o(.text.HAL_CAN_TxMailbox2AbortCallback)
    HAL_CAN_TxMailbox2CompleteCallback       0x080010cd   Thumb Code     2  stm32f4xx_hal_can.o(.text.HAL_CAN_TxMailbox2CompleteCallback)
    HAL_CAN_WakeUpFromRxMsgCallback          0x080010d1   Thumb Code     2  stm32f4xx_hal_can.o(.text.HAL_CAN_WakeUpFromRxMsgCallback)
    HAL_DMA_Abort                            0x080010d5   Thumb Code   128  stm32f4xx_hal_dma.o(.text.HAL_DMA_Abort)
    HAL_DMA_Abort_IT                         0x08001155   Thumb Code    36  stm32f4xx_hal_dma.o(.text.HAL_DMA_Abort_IT)
    HAL_DMA_IRQHandler                       0x08001179   Thumb Code   392  stm32f4xx_hal_dma.o(.text.HAL_DMA_IRQHandler)
    HAL_DMA_Init                             0x08001301   Thumb Code   318  stm32f4xx_hal_dma.o(.text.HAL_DMA_Init)
    HAL_DMA_Start_IT                         0x08001441   Thumb Code   160  stm32f4xx_hal_dma.o(.text.HAL_DMA_Start_IT)
    HAL_GPIO_Init                            0x080014e1   Thumb Code   404  stm32f4xx_hal_gpio.o(.text.HAL_GPIO_Init)
    HAL_GetTick                              0x08001675   Thumb Code    12  stm32f4xx_hal.o(.text.HAL_GetTick)
    HAL_IncTick                              0x08001681   Thumb Code    26  stm32f4xx_hal.o(.text.HAL_IncTick)
    HAL_Init                                 0x0800169d   Thumb Code    54  stm32f4xx_hal.o(.text.HAL_Init)
    HAL_InitTick                             0x080016d5   Thumb Code   170  stm32f4xx_hal_timebase_tim.o(.text.HAL_InitTick)
    HAL_MspInit                              0x08001781   Thumb Code    66  stm32f4xx_hal_msp.o(.text.HAL_MspInit)
    HAL_NVIC_EnableIRQ                       0x080017c5   Thumb Code    34  stm32f4xx_hal_cortex.o(.text.HAL_NVIC_EnableIRQ)
    HAL_NVIC_SetPriority                     0x080017e9   Thumb Code    86  stm32f4xx_hal_cortex.o(.text.HAL_NVIC_SetPriority)
    HAL_NVIC_SetPriorityGrouping             0x08001841   Thumb Code    32  stm32f4xx_hal_cortex.o(.text.HAL_NVIC_SetPriorityGrouping)
    HAL_RCC_ClockConfig                      0x08001861   Thumb Code   352  stm32f4xx_hal_rcc.o(.text.HAL_RCC_ClockConfig)
    HAL_RCC_GetClockConfig                   0x080019c1   Thumb Code    62  stm32f4xx_hal_rcc.o(.text.HAL_RCC_GetClockConfig)
    HAL_RCC_GetPCLK1Freq                     0x08001a01   Thumb Code    38  stm32f4xx_hal_rcc.o(.text.HAL_RCC_GetPCLK1Freq)
    HAL_RCC_GetPCLK2Freq                     0x08001a29   Thumb Code    38  stm32f4xx_hal_rcc.o(.text.HAL_RCC_GetPCLK2Freq)
    HAL_RCC_GetSysClockFreq                  0x08001a51   Thumb Code   104  stm32f4xx_hal_rcc.o(.text.HAL_RCC_GetSysClockFreq)
    HAL_RCC_OscConfig                        0x08001ab9   Thumb Code   860  stm32f4xx_hal_rcc.o(.text.HAL_RCC_OscConfig)
    HAL_TIMEx_BreakCallback                  0x08001e15   Thumb Code     2  stm32f4xx_hal_tim_ex.o(.text.HAL_TIMEx_BreakCallback)
    HAL_TIMEx_CommutCallback                 0x08001e19   Thumb Code     2  stm32f4xx_hal_tim_ex.o(.text.HAL_TIMEx_CommutCallback)
    HAL_TIMEx_MasterConfigSynchronization    0x08001e1d   Thumb Code   188  stm32f4xx_hal_tim_ex.o(.text.HAL_TIMEx_MasterConfigSynchronization)
    HAL_TIM_Base_Init                        0x08001ed9   Thumb Code    90  stm32f4xx_hal_tim.o(.text.HAL_TIM_Base_Init)
    HAL_TIM_Base_MspInit                     0x08001f35   Thumb Code     2  stm32f4xx_hal_tim.o(.text.HAL_TIM_Base_MspInit)
    HAL_TIM_Base_Start_IT                    0x08001f39   Thumb Code   168  stm32f4xx_hal_tim.o(.text.HAL_TIM_Base_Start_IT)
    HAL_TIM_IC_CaptureCallback               0x08001fe1   Thumb Code     2  stm32f4xx_hal_tim.o(.text.HAL_TIM_IC_CaptureCallback)
    HAL_TIM_IRQHandler                       0x08001fe5   Thumb Code   330  stm32f4xx_hal_tim.o(.text.HAL_TIM_IRQHandler)
    HAL_TIM_OC_DelayElapsedCallback          0x08002131   Thumb Code     2  stm32f4xx_hal_tim.o(.text.HAL_TIM_OC_DelayElapsedCallback)
    HAL_TIM_PWM_ConfigChannel                0x08002135   Thumb Code   534  stm32f4xx_hal_tim.o(.text.HAL_TIM_PWM_ConfigChannel)
    HAL_TIM_PWM_Init                         0x0800234d   Thumb Code    90  stm32f4xx_hal_tim.o(.text.HAL_TIM_PWM_Init)
    HAL_TIM_PWM_MspInit                      0x080023a9   Thumb Code    72  tim.o(.text.HAL_TIM_PWM_MspInit)
    HAL_TIM_PWM_PulseFinishedCallback        0x080023f1   Thumb Code     2  stm32f4xx_hal_tim.o(.text.HAL_TIM_PWM_PulseFinishedCallback)
    HAL_TIM_PWM_Start_IT                     0x080023f5   Thumb Code   334  stm32f4xx_hal_tim.o(.text.HAL_TIM_PWM_Start_IT)
    HAL_TIM_PeriodElapsedCallback            0x08002545   Thumb Code    18  main.o(.text.HAL_TIM_PeriodElapsedCallback)
    HAL_TIM_TriggerCallback                  0x08002559   Thumb Code     2  stm32f4xx_hal_tim.o(.text.HAL_TIM_TriggerCallback)
    HAL_UARTEx_ReceiveToIdle_DMA             0x0800255d   Thumb Code   104  stm32f4xx_hal_uart.o(.text.HAL_UARTEx_ReceiveToIdle_DMA)
    HAL_UARTEx_ReceiveToIdle_IT              0x080025c5   Thumb Code   136  stm32f4xx_hal_uart.o(.text.HAL_UARTEx_ReceiveToIdle_IT)
    HAL_UARTEx_RxEventCallback               0x0800264d   Thumb Code   122  serialcallback.o(.text.HAL_UARTEx_RxEventCallback)
    HAL_UART_ErrorCallback                   0x080026c9   Thumb Code    96  serialcallback.o(.text.HAL_UART_ErrorCallback)
    HAL_UART_GetError                        0x08002729   Thumb Code     4  stm32f4xx_hal_uart.o(.text.HAL_UART_GetError)
    HAL_UART_IRQHandler                      0x0800272d   Thumb Code   790  stm32f4xx_hal_uart.o(.text.HAL_UART_IRQHandler)
    HAL_UART_Init                            0x08002a45   Thumb Code    96  stm32f4xx_hal_uart.o(.text.HAL_UART_Init)
    HAL_UART_MspInit                         0x08002aa5   Thumb Code   750  usart.o(.text.HAL_UART_MspInit)
    HAL_UART_RxCpltCallback                  0x08002d95   Thumb Code     2  stm32f4xx_hal_uart.o(.text.HAL_UART_RxCpltCallback)
    HAL_UART_RxHalfCpltCallback              0x08002d99   Thumb Code     2  stm32f4xx_hal_uart.o(.text.HAL_UART_RxHalfCpltCallback)
    HAL_UART_Transmit_DMA                    0x08002d9d   Thumb Code   146  stm32f4xx_hal_uart.o(.text.HAL_UART_Transmit_DMA)
    HAL_UART_TxCpltCallback                  0x08002e31   Thumb Code     2  stm32f4xx_hal_uart.o(.text.HAL_UART_TxCpltCallback)
    HAL_UART_TxHalfCpltCallback              0x08002e35   Thumb Code     2  stm32f4xx_hal_uart.o(.text.HAL_UART_TxHalfCpltCallback)
    HardFault_Handler                        0x08002e39   Thumb Code     2  stm32f4xx_it.o(.text.HardFault_Handler)
    MX_CAN1_Init                             0x08002e3d   Thumb Code    64  can.o(.text.MX_CAN1_Init)
    MX_CAN2_Init                             0x08002e7d   Thumb Code    64  can.o(.text.MX_CAN2_Init)
    MX_DMA_Init                              0x08002ebd   Thumb Code   156  dma.o(.text.MX_DMA_Init)
    MX_FREERTOS_Init                         0x08002f59   Thumb Code   220  freertos.o(.text.MX_FREERTOS_Init)
    MX_GPIO_Init                             0x080030c1   Thumb Code   136  gpio.o(.text.MX_GPIO_Init)
    MX_TIM4_Init                             0x08003149   Thumb Code   212  tim.o(.text.MX_TIM4_Init)
    MX_USART1_UART_Init                      0x0800321d   Thumb Code    60  usart.o(.text.MX_USART1_UART_Init)
    MX_USART3_UART_Init                      0x08003259   Thumb Code    72  usart.o(.text.MX_USART3_UART_Init)
    MX_USART6_UART_Init                      0x080032a1   Thumb Code    60  usart.o(.text.MX_USART6_UART_Init)
    MemManage_Handler                        0x080032dd   Thumb Code     2  stm32f4xx_it.o(.text.MemManage_Handler)
    MotorControl                             0x080032e1   Thumb Code    12  taskprocess.o(.text.MotorControl)
    NMI_Handler                              0x080032ed   Thumb Code     2  stm32f4xx_it.o(.text.NMI_Handler)
    PendSV_Handler                           0x080032f1   Thumb Code   100  port.o(.text.PendSV_Handler)
    RemoteControl                            0x08003355   Thumb Code    36  taskprocess.o(.text.RemoteControl)
    RxEventCallback                          0x08003379   Thumb Code    58  serialcallback.o(.text.RxEventCallback)
    SVC_Handler                              0x080033c1   Thumb Code    36  port.o(.text.SVC_Handler)
    StartDefaultTask                         0x080033e5   Thumb Code     8  freertos.o(.text.StartDefaultTask)
    SysTick_Handler                          0x080033ed   Thumb Code    46  port.o(.text.SysTick_Handler)
    SystemClock_Config                       0x0800341d   Thumb Code   170  main.o(.text.SystemClock_Config)
    SystemInit                               0x080034c9   Thumb Code    18  system_stm32f4xx.o(.text.SystemInit)
    TIM1_UP_TIM10_IRQHandler                 0x080034dd   Thumb Code    12  stm32f4xx_it.o(.text.TIM1_UP_TIM10_IRQHandler)
    TIM4_IRQHandler                          0x080034e9   Thumb Code    12  stm32f4xx_it.o(.text.TIM4_IRQHandler)
    TIM_Base_SetConfig                       0x080034f5   Thumb Code   300  stm32f4xx_hal_tim.o(.text.TIM_Base_SetConfig)
    UART_Start_Receive_DMA                   0x08003951   Thumb Code   170  stm32f4xx_hal_uart.o(.text.UART_Start_Receive_DMA)
    USART1_IRQHandler                        0x080039fd   Thumb Code    12  stm32f4xx_it.o(.text.USART1_IRQHandler)
    USART3_IRQHandler                        0x08003a09   Thumb Code    12  stm32f4xx_it.o(.text.USART3_IRQHandler)
    USART6_IRQHandler                        0x08003a15   Thumb Code    12  stm32f4xx_it.o(.text.USART6_IRQHandler)
    UsageFault_Handler                       0x08003a21   Thumb Code     2  stm32f4xx_it.o(.text.UsageFault_Handler)
    ModeSelection()                          0x08003a25   Thumb Code   880  remoteoperation.o(.text._Z13ModeSelectionv)
    RmMotorRxData()                          0x08003dad   Thumb Code   200  djimotor.o(.text._Z13RmMotorRxDatav)
    ChassisSolution()                        0x08003e81   Thumb Code   268  remoteoperation.o(.text._Z15ChassisSolutionv)
    DJImotorTX_0x200(CAN_HandleTypeDef*)     0x08003f8d   Thumb Code   206  djimotor.o(.text._Z16DJImotorTX_0x200P17CAN_HandleTypeDef)
    StandardizationOfWeightsAndMeasures_DR16() 0x0800405d   Thumb Code   472  remoteoperation.o(.text._Z40StandardizationOfWeightsAndMeasures_DR16v)
    B_star()                                 0x08004241   Thumb Code   186  buzzer.o(.text._Z6B_starv)
    B_stop()                                 0x080042fd   Thumb Code   186  buzzer.o(.text._Z6B_stopv)
    Invoke()                                 0x080043b9   Thumb Code   316  invoke.o(.text._Z6Invokev)
    IMURxData()                              0x080044f9   Thumb Code   312  ensemble.o(.text._Z9IMURxDatav)
    vofa_send(float, float, float, float, float, float) 0x0800464d   Thumb Code    36  boardcommunication_ctoa.o(.text._Z9vofa_sendffffff)
    PID::PID_::NormalPID(float, float)       0x08004671   Thumb Code   376  pid.o(.text._ZN3PID4PID_9NormalPIDEff)
    Clicker::DR16::DR16DataUpdata(unsigned char*) 0x080047f9   Thumb Code   162  clicker.o(.text._ZN7Clicker4DR1614DR16DataUpdataEPh)
    main                                     0x0800489d   Thumb Code    80  main.o(.text.main)
    osDelay                                  0x080048ed   Thumb Code    16  cmsis_os.o(.text.osDelay)
    osKernelStart                            0x080048fd   Thumb Code    10  cmsis_os.o(.text.osKernelStart)
    osThreadCreate                           0x08004909   Thumb Code    94  cmsis_os.o(.text.osThreadCreate)
    pvPortMalloc                             0x08004b79   Thumb Code   412  heap_4.o(.text.pvPortMalloc)
    pxPortInitialiseStack                    0x08004d15   Thumb Code    36  port.o(.text.pxPortInitialiseStack)
    uxListRemove                             0x08004d39   Thumb Code    36  list.o(.text.uxListRemove)
    vApplicationGetIdleTaskMemory            0x08004d5d   Thumb Code    26  freertos.o(.text.vApplicationGetIdleTaskMemory)
    vListInitialise                          0x08004d79   Thumb Code    22  list.o(.text.vListInitialise)
    vListInitialiseItem                      0x08004d91   Thumb Code     6  list.o(.text.vListInitialiseItem)
    vListInsert                              0x08004d99   Thumb Code    58  list.o(.text.vListInsert)
    vListInsertEnd                           0x08004dd5   Thumb Code    28  list.o(.text.vListInsertEnd)
    vPortEnterCritical                       0x08004e05   Thumb Code    70  port.o(.text.vPortEnterCritical)
    vPortExitCritical                        0x08004e4d   Thumb Code    46  port.o(.text.vPortExitCritical)
    vPortFree                                0x08004e7d   Thumb Code   214  heap_4.o(.text.vPortFree)
    vPortSetupTimerInterrupt                 0x08004f55   Thumb Code    52  port.o(.text.vPortSetupTimerInterrupt)
    vTaskDelay                               0x08004f89   Thumb Code   196  tasks.o(.text.vTaskDelay)
    vTaskStartScheduler                      0x0800504d   Thumb Code   120  tasks.o(.text.vTaskStartScheduler)
    vTaskSuspendAll                          0x080050cd   Thumb Code    16  tasks.o(.text.vTaskSuspendAll)
    vTaskSwitchContext                       0x080050dd   Thumb Code   134  tasks.o(.text.vTaskSwitchContext)
    xPortStartScheduler                      0x08005165   Thumb Code   302  port.o(.text.xPortStartScheduler)
    xTaskCreate                              0x08005295   Thumb Code   188  tasks.o(.text.xTaskCreate)
    xTaskCreateStatic                        0x08005351   Thumb Code   236  tasks.o(.text.xTaskCreateStatic)
    xTaskIncrementTick                       0x0800543d   Thumb Code   384  tasks.o(.text.xTaskIncrementTick)
    xTaskResumeAll                           0x080055bd   Thumb Code   312  tasks.o(.text.xTaskResumeAll)
    __ARM_fpclassifyf                        0x080056f5   Thumb Code    38  fpclassifyf.o(i.__ARM_fpclassifyf)
    __hardfp_cosf                            0x0800571d   Thumb Code   280  cosf.o(i.__hardfp_cosf)
    __hardfp_fmodf                           0x0800586d   Thumb Code   176  fmodf.o(i.__hardfp_fmodf)
    __hardfp_sinf                            0x0800591d   Thumb Code   344  sinf.o(i.__hardfp_sinf)
    __mathlib_flt_infnan                     0x08005aad   Thumb Code     6  funder.o(i.__mathlib_flt_infnan)
    __mathlib_flt_invalid                    0x08005ab5   Thumb Code    10  funder.o(i.__mathlib_flt_invalid)
    __mathlib_flt_underflow                  0x08005ac5   Thumb Code    10  funder.o(i.__mathlib_flt_underflow)
    __mathlib_rredf2                         0x08005ad5   Thumb Code   316  rredf.o(i.__mathlib_rredf2)
    __fpl_fnaninf                            0x08005c29   Thumb Code   140  fnaninf.o(x$fpl$fnaninf)
    _fp_init                                 0x08005cb5   Thumb Code    26  fpinit.o(x$fpl$fpinit)
    __fplib_config_fpu_vfp                   0x08005ccd   Thumb Code     0  fpinit.o(x$fpl$fpinit)
    __fplib_config_pureend_doubles           0x08005ccd   Thumb Code     0  fpinit.o(x$fpl$fpinit)
    _frem                                    0x08005cd1   Thumb Code   240  frem_clz.o(x$fpl$frem)
    __I$use$fp                               0x08005dc4   Number         0  usenofp.o(x$fpl$usenofp)
    AHBPrescTable                            0x08005de4   Data          16  system_stm32f4xx.o(.rodata.AHBPrescTable)
    APBPrescTable                            0x08005df4   Data           8  system_stm32f4xx.o(.rodata.APBPrescTable)
    Region$$Table$$Base                      0x08005e78   Number         0  anon$$obj.o(Region$$Table)
    Region$$Table$$Limit                     0x08005e98   Number         0  anon$$obj.o(Region$$Table)
    M3508_201                                0x20000000   Data          44  djimotor.o(.data.M3508_201)
    M3508_201_PidInstance                    0x2000002c   Data         224  pid.o(.data.M3508_201_PidInstance)
    M3508_202                                0x2000010c   Data          44  djimotor.o(.data.M3508_202)
    M3508_202_PidInstance                    0x20000138   Data         224  pid.o(.data.M3508_202_PidInstance)
    M3508_203                                0x20000218   Data          44  djimotor.o(.data.M3508_203)
    M3508_203_PidInstance                    0x20000244   Data         224  pid.o(.data.M3508_203_PidInstance)
    M3508_204                                0x20000324   Data          44  djimotor.o(.data.M3508_204)
    M3508_204_PidInstance                    0x20000350   Data         224  pid.o(.data.M3508_204_PidInstance)
    Revolve_PidInstance                      0x20000430   Data         224  pid.o(.data.Revolve_PidInstance)
    SystemCoreClock                          0x20000510   Data           4  system_stm32f4xx.o(.data.SystemCoreClock)
    Transmit_flag                            0x20000514   Data           1  boardcommunication_ctoa.o(.data.Transmit_flag)
    dr16                                     0x20000518   Data          92  clicker.o(.data.dr16)
    uwTickFreq                               0x20000574   Data           1  stm32f4xx_hal.o(.data.uwTickFreq)
    uwTickPrio                               0x20000578   Data           4  stm32f4xx_hal.o(.data.uwTickPrio)
    __libspace_start                         0x20000580   Data          96  libspace.o(.bss)
    Can_RX                                   0x200005e0   Data          36  djimotor.o(.bss.Can_RX)
    __temporary_stack_top$libspace           0x200005e0   Data           0  libspace.o(.bss)
    Can_RX_imu                               0x20000604   Data          36  ensemble.o(.bss.Can_RX_imu)
    Chassis_WDGHandle                        0x20000628   Data           4  freertos.o(.bss.Chassis_WDGHandle)
    Chassis_motorHandle                      0x2000062c   Data           4  freertos.o(.bss.Chassis_motorHandle)
    Chassis_remoteHandle                     0x20000630   Data           4  freertos.o(.bss.Chassis_remoteHandle)
    Chassis_stateHandle                      0x20000634   Data           4  freertos.o(.bss.Chassis_stateHandle)
    DJI_TX_Data                              0x20000638   Data           8  djimotor.o(.bss.DJI_TX_Data)
    DJI_txHeader                             0x20000640   Data          24  djimotor.o(.bss.DJI_txHeader)
    Delay                                    0x20000658   Data           4  boardcommunication_ctoa.o(.bss.Delay)
    M3508_201_Remove                         0x20000660   Data           4  remoteoperation.o(.bss.M3508_201_Remove)
    M3508_202_Remove                         0x20000664   Data           4  remoteoperation.o(.bss.M3508_202_Remove)
    M3508_203_Remove                         0x20000668   Data           4  remoteoperation.o(.bss.M3508_203_Remove)
    M3508_204_Remove                         0x2000066c   Data           4  remoteoperation.o(.bss.M3508_204_Remove)
    M6020_206                                0x20000670   Data          16  djimotor.o(.bss.M6020_206)
    RX_Data                                  0x20000680   Data           5  boardcommunication_ctoa.o(.bss.RX_Data)
    TX_Data                                  0x20000685   Data          27  boardcommunication_ctoa.o(.bss.TX_Data)
    VehicleDirection                         0x200006a0   Data          12  remoteoperation.o(.bss.VehicleDirection)
    ch104                                    0x200006ac   Data          60  ensemble.o(.bss.ch104)
    dead_zone_flag0                          0x200006e8   Data           1  remoteoperation.o(.bss.dead_zone_flag0)
    dead_zone_flag1                          0x200006e9   Data           1  remoteoperation.o(.bss.dead_zone_flag1)
    dead_zone_flag2                          0x200006ea   Data           1  remoteoperation.o(.bss.dead_zone_flag2)
    dead_zone_flag3                          0x200006eb   Data           1  remoteoperation.o(.bss.dead_zone_flag3)
    dead_zone_flag4                          0x200006ec   Data           1  remoteoperation.o(.bss.dead_zone_flag4)
    defaultTaskHandle                        0x200006f0   Data           4  freertos.o(.bss.defaultTaskHandle)
    hcan1                                    0x200006f4   Data          40  can.o(.bss.hcan1)
    hcan2                                    0x2000071c   Data          40  can.o(.bss.hcan2)
    hdma_usart1_rx                           0x20000744   Data          96  usart.o(.bss.hdma_usart1_rx)
    hdma_usart1_tx                           0x200007a4   Data          96  usart.o(.bss.hdma_usart1_tx)
    hdma_usart3_rx                           0x20000804   Data          96  usart.o(.bss.hdma_usart3_rx)
    hdma_usart3_tx                           0x20000864   Data          96  usart.o(.bss.hdma_usart3_tx)
    hdma_usart6_rx                           0x200008c4   Data          96  usart.o(.bss.hdma_usart6_rx)
    hdma_usart6_tx                           0x20000924   Data          96  usart.o(.bss.hdma_usart6_tx)
    htim1                                    0x20000984   Data          72  stm32f4xx_hal_timebase_tim.o(.bss.htim1)
    htim4                                    0x200009cc   Data          72  tim.o(.bss.htim4)
    huart1                                   0x20000a14   Data          72  usart.o(.bss.huart1)
    huart3                                   0x20000a5c   Data          72  usart.o(.bss.huart3)
    huart6                                   0x20000aa4   Data          72  usart.o(.bss.huart6)
    pData                                    0x20000aec   Data          18  clicker.o(.bss.pData)
    pxCurrentTCB                             0x20000b00   Data           4  tasks.o(.bss.pxCurrentTCB)
    send_str2                                0x20000b9c   Data          32  boardcommunication_ctoa.o(.bss.send_str2)
    tick_e                                   0x20000bbc   Data           4  invoke.o(.bss.tick_e)
    tick_last                                0x20000bc0   Data           4  clicker.o(.bss.tick_last)
    tick_now                                 0x20000bc4   Data           4  clicker.o(.bss.tick_now)
    txMailbox_DJI                            0x20000bc8   Data           4  djimotor.o(.bss.txMailbox_DJI)
    uwTick                                   0x200047d4   Data           4  stm32f4xx_hal.o(.bss.uwTick)



==============================================================================

Memory Map of the image

  Image Entry point : 0x08000189

  Load Region LR_IROM1 (Base: 0x08000000, Size: 0x00006418, Max: 0x00100000, ABSOLUTE, COMPRESSED[0x00005f00])

    Execution Region ER_IROM1 (Exec base: 0x08000000, Load base: 0x08000000, Size: 0x00005e98, Max: 0x00100000, ABSOLUTE)

    Exec Addr    Load Addr    Size         Type   Attr      Idx    E Section Name        Object

    0x08000000   0x08000000   0x00000188   Data   RO            3    RESET               startup_stm32f407xx.o
    0x08000188   0x08000188   0x00000008   Code   RO         3780  * !!!main             c_w.l(__main.o)
    0x08000190   0x08000190   0x0000005c   Code   RO         4140    !!!scatter          c_w.l(__scatter.o)
    0x080001ec   0x080001ec   0x0000003a   Code   RO         4138    !!dczerorl          c_w.l(__dczerorl.o)
    0x08000226   0x08000226   0x00000002   PAD
    0x08000228   0x08000228   0x00000002   Code   RO         4141    !!handler_null      c_w.l(__scatter.o)
    0x0800022a   0x0800022a   0x00000002   PAD
    0x0800022c   0x0800022c   0x0000001c   Code   RO         4144    !!handler_zi        c_w.l(__scatter_zi.o)
    0x08000248   0x08000248   0x00000002   Code   RO         4003    .ARM.Collect$$libinit$$00000000  c_w.l(libinit.o)
    0x0800024a   0x0800024a   0x00000004   Code   RO         4012    .ARM.Collect$$libinit$$00000001  c_w.l(libinit2.o)
    0x0800024e   0x0800024e   0x00000000   Code   RO         4015    .ARM.Collect$$libinit$$00000004  c_w.l(libinit2.o)
    0x0800024e   0x0800024e   0x00000000   Code   RO         4017    .ARM.Collect$$libinit$$00000006  c_w.l(libinit2.o)
    0x0800024e   0x0800024e   0x00000000   Code   RO         4020    .ARM.Collect$$libinit$$0000000C  c_w.l(libinit2.o)
    0x0800024e   0x0800024e   0x00000000   Code   RO         4022    .ARM.Collect$$libinit$$0000000E  c_w.l(libinit2.o)
    0x0800024e   0x0800024e   0x00000000   Code   RO         4024    .ARM.Collect$$libinit$$00000010  c_w.l(libinit2.o)
    0x0800024e   0x0800024e   0x00000000   Code   RO         4027    .ARM.Collect$$libinit$$00000013  c_w.l(libinit2.o)
    0x0800024e   0x0800024e   0x00000000   Code   RO         4029    .ARM.Collect$$libinit$$00000015  c_w.l(libinit2.o)
    0x0800024e   0x0800024e   0x00000000   Code   RO         4031    .ARM.Collect$$libinit$$00000017  c_w.l(libinit2.o)
    0x0800024e   0x0800024e   0x00000000   Code   RO         4033    .ARM.Collect$$libinit$$00000019  c_w.l(libinit2.o)
    0x0800024e   0x0800024e   0x00000000   Code   RO         4035    .ARM.Collect$$libinit$$0000001B  c_w.l(libinit2.o)
    0x0800024e   0x0800024e   0x00000000   Code   RO         4037    .ARM.Collect$$libinit$$0000001D  c_w.l(libinit2.o)
    0x0800024e   0x0800024e   0x00000000   Code   RO         4039    .ARM.Collect$$libinit$$0000001F  c_w.l(libinit2.o)
    0x0800024e   0x0800024e   0x00000000   Code   RO         4041    .ARM.Collect$$libinit$$00000021  c_w.l(libinit2.o)
    0x0800024e   0x0800024e   0x00000000   Code   RO         4043    .ARM.Collect$$libinit$$00000023  c_w.l(libinit2.o)
    0x0800024e   0x0800024e   0x00000000   Code   RO         4045    .ARM.Collect$$libinit$$00000025  c_w.l(libinit2.o)
    0x0800024e   0x0800024e   0x00000000   Code   RO         4047    .ARM.Collect$$libinit$$00000027  c_w.l(libinit2.o)
    0x0800024e   0x0800024e   0x00000000   Code   RO         4051    .ARM.Collect$$libinit$$0000002E  c_w.l(libinit2.o)
    0x0800024e   0x0800024e   0x00000000   Code   RO         4053    .ARM.Collect$$libinit$$00000030  c_w.l(libinit2.o)
    0x0800024e   0x0800024e   0x00000000   Code   RO         4055    .ARM.Collect$$libinit$$00000032  c_w.l(libinit2.o)
    0x0800024e   0x0800024e   0x00000000   Code   RO         4057    .ARM.Collect$$libinit$$00000034  c_w.l(libinit2.o)
    0x0800024e   0x0800024e   0x00000002   Code   RO         4058    .ARM.Collect$$libinit$$00000035  c_w.l(libinit2.o)
    0x08000250   0x08000250   0x00000002   Code   RO         4093    .ARM.Collect$$libshutdown$$00000000  c_w.l(libshutdown.o)
    0x08000252   0x08000252   0x00000000   Code   RO         4121    .ARM.Collect$$libshutdown$$00000002  c_w.l(libshutdown2.o)
    0x08000252   0x08000252   0x00000000   Code   RO         4123    .ARM.Collect$$libshutdown$$00000004  c_w.l(libshutdown2.o)
    0x08000252   0x08000252   0x00000000   Code   RO         4126    .ARM.Collect$$libshutdown$$00000007  c_w.l(libshutdown2.o)
    0x08000252   0x08000252   0x00000000   Code   RO         4129    .ARM.Collect$$libshutdown$$0000000A  c_w.l(libshutdown2.o)
    0x08000252   0x08000252   0x00000000   Code   RO         4131    .ARM.Collect$$libshutdown$$0000000C  c_w.l(libshutdown2.o)
    0x08000252   0x08000252   0x00000000   Code   RO         4134    .ARM.Collect$$libshutdown$$0000000F  c_w.l(libshutdown2.o)
    0x08000252   0x08000252   0x00000002   Code   RO         4135    .ARM.Collect$$libshutdown$$00000010  c_w.l(libshutdown2.o)
    0x08000254   0x08000254   0x00000000   Code   RO         3893    .ARM.Collect$$rtentry$$00000000  c_w.l(__rtentry.o)
    0x08000254   0x08000254   0x00000000   Code   RO         3964    .ARM.Collect$$rtentry$$00000002  c_w.l(__rtentry2.o)
    0x08000254   0x08000254   0x00000006   Code   RO         3976    .ARM.Collect$$rtentry$$00000004  c_w.l(__rtentry4.o)
    0x0800025a   0x0800025a   0x00000000   Code   RO         3966    .ARM.Collect$$rtentry$$00000009  c_w.l(__rtentry2.o)
    0x0800025a   0x0800025a   0x00000004   Code   RO         3967    .ARM.Collect$$rtentry$$0000000A  c_w.l(__rtentry2.o)
    0x0800025e   0x0800025e   0x00000000   Code   RO         3969    .ARM.Collect$$rtentry$$0000000C  c_w.l(__rtentry2.o)
    0x0800025e   0x0800025e   0x00000008   Code   RO         3970    .ARM.Collect$$rtentry$$0000000D  c_w.l(__rtentry2.o)
    0x08000266   0x08000266   0x00000002   Code   RO         4004    .ARM.Collect$$rtexit$$00000000  c_w.l(rtexit.o)
    0x08000268   0x08000268   0x00000000   Code   RO         4064    .ARM.Collect$$rtexit$$00000002  c_w.l(rtexit2.o)
    0x08000268   0x08000268   0x00000004   Code   RO         4065    .ARM.Collect$$rtexit$$00000003  c_w.l(rtexit2.o)
    0x0800026c   0x0800026c   0x00000006   Code   RO         4066    .ARM.Collect$$rtexit$$00000004  c_w.l(rtexit2.o)
    0x08000272   0x08000272   0x00000002   PAD
    0x08000274   0x08000274   0x00000040   Code   RO            4    .text               startup_stm32f407xx.o
    0x080002b4   0x080002b4   0x000000f0   Code   RO         3764    .text               c_w.l(lludivv7m.o)
    0x080003a4   0x080003a4   0x0000008a   Code   RO         3768    .text               c_w.l(rt_memcpy_v6.o)
    0x0800042e   0x0800042e   0x00000064   Code   RO         3770    .text               c_w.l(rt_memcpy_w.o)
    0x08000492   0x08000492   0x0000004e   Code   RO         3776    .text               c_w.l(rt_memclr_w.o)
    0x080004e0   0x080004e0   0x00000006   Code   RO         3778    .text               c_w.l(heapauxi.o)
    0x080004e6   0x080004e6   0x00000016   Code   RO         3898    .text               c_w.l(_rserrno.o)
    0x080004fc   0x080004fc   0x00000008   Code   RO         3983    .text               c_w.l(rt_errno_addr_intlibspace.o)
    0x08000504   0x08000504   0x00000008   Code   RO         3987    .text               c_w.l(libspace.o)
    0x0800050c   0x0800050c   0x0000004a   Code   RO         3990    .text               c_w.l(sys_stackheap_outer.o)
    0x08000556   0x08000556   0x00000012   Code   RO         3992    .text               c_w.l(exit.o)
    0x08000568   0x08000568   0x0000000c   Code   RO         4059    .text               c_w.l(sys_exit.o)
    0x08000574   0x08000574   0x00000002   Code   RO         4082    .text               c_w.l(use_no_semi.o)
    0x08000576   0x08000576   0x00000000   Code   RO         4084    .text               c_w.l(indicate_semi.o)
    0x08000576   0x08000576   0x00000002   PAD
    0x08000578   0x08000578   0x00000068   Code   RO         1601    .text.BoardCommunication  taskprocess.o
    0x080005e0   0x080005e0   0x00000002   Code   RO          136    .text.BusFault_Handler  stm32f4xx_it.o
    0x080005e2   0x080005e2   0x00000002   PAD
    0x080005e4   0x080005e4   0x00000040   Code   RO         1603    .text.Buzzer        taskprocess.o
    0x08000624   0x08000624   0x0000000c   Code   RO          148    .text.CAN1_RX0_IRQHandler  stm32f4xx_it.o
    0x08000630   0x08000630   0x0000000c   Code   RO          150    .text.CAN1_RX1_IRQHandler  stm32f4xx_it.o
    0x0800063c   0x0800063c   0x0000000c   Code   RO          152    .text.CAN1_SCE_IRQHandler  stm32f4xx_it.o
    0x08000648   0x08000648   0x0000000c   Code   RO          146    .text.CAN1_TX_IRQHandler  stm32f4xx_it.o
    0x08000654   0x08000654   0x0000000c   Code   RO          166    .text.CAN2_RX0_IRQHandler  stm32f4xx_it.o
    0x08000660   0x08000660   0x000000a6   Code   RO         1715    .text.CAN_ConfigFilter  usercan.o
    0x08000706   0x08000706   0x00000002   PAD
    0x08000708   0x08000708   0x000000b8   Code   RO         1613    .text.Communication_CtoA_Receive  boardcommunication_ctoa.o
    0x080007c0   0x080007c0   0x0000006c   Code   RO         1615    .text.Communication_CtoA_Tansmit  boardcommunication_ctoa.o
    0x0800082c   0x0800082c   0x0000000c   Code   RO          142    .text.DMA1_Stream1_IRQHandler  stm32f4xx_it.o
    0x08000838   0x08000838   0x0000000c   Code   RO          144    .text.DMA1_Stream3_IRQHandler  stm32f4xx_it.o
    0x08000844   0x08000844   0x0000000c   Code   RO          162    .text.DMA2_Stream1_IRQHandler  stm32f4xx_it.o
    0x08000850   0x08000850   0x0000000c   Code   RO          164    .text.DMA2_Stream2_IRQHandler  stm32f4xx_it.o
    0x0800085c   0x0800085c   0x0000000c   Code   RO          168    .text.DMA2_Stream6_IRQHandler  stm32f4xx_it.o
    0x08000868   0x08000868   0x0000000c   Code   RO          170    .text.DMA2_Stream7_IRQHandler  stm32f4xx_it.o
    0x08000874   0x08000874   0x00000002   Code   RO          140    .text.DebugMon_Handler  stm32f4xx_it.o
    0x08000876   0x08000876   0x00000002   PAD
    0x08000878   0x08000878   0x00000006   Code   RO           15    .text.Error_Handler  main.o
    0x0800087e   0x0800087e   0x00000002   PAD
    0x08000880   0x08000880   0x00000026   Code   RO          558    .text.HAL_CAN_ActivateNotification  stm32f4xx_hal_can.o
    0x080008a6   0x080008a6   0x00000002   PAD
    0x080008a8   0x080008a8   0x00000094   Code   RO          544    .text.HAL_CAN_AddTxMessage  stm32f4xx_hal_can.o
    0x0800093c   0x0800093c   0x000000de   Code   RO          534    .text.HAL_CAN_ConfigFilter  stm32f4xx_hal_can.o
    0x08000a1a   0x08000a1a   0x00000002   PAD
    0x08000a1c   0x08000a1c   0x00000002   Code   RO          588    .text.HAL_CAN_ErrorCallback  stm32f4xx_hal_can.o
    0x08000a1e   0x08000a1e   0x00000002   PAD
    0x08000a20   0x08000a20   0x0000011c   Code   RO          554    .text.HAL_CAN_GetRxMessage  stm32f4xx_hal_can.o
    0x08000b3c   0x08000b3c   0x00000028   Code   RO          548    .text.HAL_CAN_GetTxMailboxesFreeLevel  stm32f4xx_hal_can.o
    0x08000b64   0x08000b64   0x00000242   Code   RO          562    .text.HAL_CAN_IRQHandler  stm32f4xx_hal_can.o
    0x08000da6   0x08000da6   0x00000002   PAD
    0x08000da8   0x08000da8   0x000000f4   Code   RO          524    .text.HAL_CAN_Init  stm32f4xx_hal_can.o
    0x08000e9c   0x08000e9c   0x00000160   Code   RO           62    .text.HAL_CAN_MspInit  can.o
    0x08000ffc   0x08000ffc   0x00000002   Code   RO          576    .text.HAL_CAN_RxFifo0FullCallback  stm32f4xx_hal_can.o
    0x08000ffe   0x08000ffe   0x00000002   PAD
    0x08001000   0x08001000   0x0000004e   Code   RO         1717    .text.HAL_CAN_RxFifo0MsgPendingCallback  usercan.o
    0x0800104e   0x0800104e   0x00000002   PAD
    0x08001050   0x08001050   0x00000002   Code   RO          580    .text.HAL_CAN_RxFifo1FullCallback  stm32f4xx_hal_can.o
    0x08001052   0x08001052   0x00000002   PAD
    0x08001054   0x08001054   0x00000002   Code   RO          582    .text.HAL_CAN_RxFifo1MsgPendingCallback  stm32f4xx_hal_can.o
    0x08001056   0x08001056   0x00000002   PAD
    0x08001058   0x08001058   0x00000002   Code   RO          584    .text.HAL_CAN_SleepCallback  stm32f4xx_hal_can.o
    0x0800105a   0x0800105a   0x00000002   PAD
    0x0800105c   0x0800105c   0x0000005a   Code   RO          536    .text.HAL_CAN_Start  stm32f4xx_hal_can.o
    0x080010b6   0x080010b6   0x00000002   PAD
    0x080010b8   0x080010b8   0x00000002   Code   RO          566    .text.HAL_CAN_TxMailbox0AbortCallback  stm32f4xx_hal_can.o
    0x080010ba   0x080010ba   0x00000002   PAD
    0x080010bc   0x080010bc   0x00000002   Code   RO          564    .text.HAL_CAN_TxMailbox0CompleteCallback  stm32f4xx_hal_can.o
    0x080010be   0x080010be   0x00000002   PAD
    0x080010c0   0x080010c0   0x00000002   Code   RO          570    .text.HAL_CAN_TxMailbox1AbortCallback  stm32f4xx_hal_can.o
    0x080010c2   0x080010c2   0x00000002   PAD
    0x080010c4   0x080010c4   0x00000002   Code   RO          568    .text.HAL_CAN_TxMailbox1CompleteCallback  stm32f4xx_hal_can.o
    0x080010c6   0x080010c6   0x00000002   PAD
    0x080010c8   0x080010c8   0x00000002   Code   RO          574    .text.HAL_CAN_TxMailbox2AbortCallback  stm32f4xx_hal_can.o
    0x080010ca   0x080010ca   0x00000002   PAD
    0x080010cc   0x080010cc   0x00000002   Code   RO          572    .text.HAL_CAN_TxMailbox2CompleteCallback  stm32f4xx_hal_can.o
    0x080010ce   0x080010ce   0x00000002   PAD
    0x080010d0   0x080010d0   0x00000002   Code   RO          586    .text.HAL_CAN_WakeUpFromRxMsgCallback  stm32f4xx_hal_can.o
    0x080010d2   0x080010d2   0x00000002   PAD
    0x080010d4   0x080010d4   0x00000080   Code   RO          760    .text.HAL_DMA_Abort  stm32f4xx_hal_dma.o
    0x08001154   0x08001154   0x00000024   Code   RO          762    .text.HAL_DMA_Abort_IT  stm32f4xx_hal_dma.o
    0x08001178   0x08001178   0x00000188   Code   RO          766    .text.HAL_DMA_IRQHandler  stm32f4xx_hal_dma.o
    0x08001300   0x08001300   0x0000013e   Code   RO          752    .text.HAL_DMA_Init  stm32f4xx_hal_dma.o
    0x0800143e   0x0800143e   0x00000002   PAD
    0x08001440   0x08001440   0x000000a0   Code   RO          758    .text.HAL_DMA_Start_IT  stm32f4xx_hal_dma.o
    0x080014e0   0x080014e0   0x00000194   Code   RO          714    .text.HAL_GPIO_Init  stm32f4xx_hal_gpio.o
    0x08001674   0x08001674   0x0000000c   Code   RO          911    .text.HAL_GetTick   stm32f4xx_hal.o
    0x08001680   0x08001680   0x0000001a   Code   RO          909    .text.HAL_IncTick   stm32f4xx_hal.o
    0x0800169a   0x0800169a   0x00000002   PAD
    0x0800169c   0x0800169c   0x00000036   Code   RO          899    .text.HAL_Init      stm32f4xx_hal.o
    0x080016d2   0x080016d2   0x00000002   PAD
    0x080016d4   0x080016d4   0x000000aa   Code   RO          190    .text.HAL_InitTick  stm32f4xx_hal_timebase_tim.o
    0x0800177e   0x0800177e   0x00000002   PAD
    0x08001780   0x08001780   0x00000042   Code   RO          181    .text.HAL_MspInit   stm32f4xx_hal_msp.o
    0x080017c2   0x080017c2   0x00000002   PAD
    0x080017c4   0x080017c4   0x00000022   Code   RO          851    .text.HAL_NVIC_EnableIRQ  stm32f4xx_hal_cortex.o
    0x080017e6   0x080017e6   0x00000002   PAD
    0x080017e8   0x080017e8   0x00000056   Code   RO          849    .text.HAL_NVIC_SetPriority  stm32f4xx_hal_cortex.o
    0x0800183e   0x0800183e   0x00000002   PAD
    0x08001840   0x08001840   0x00000020   Code   RO          847    .text.HAL_NVIC_SetPriorityGrouping  stm32f4xx_hal_cortex.o
    0x08001860   0x08001860   0x00000160   Code   RO          608    .text.HAL_RCC_ClockConfig  stm32f4xx_hal_rcc.o
    0x080019c0   0x080019c0   0x0000003e   Code   RO          626    .text.HAL_RCC_GetClockConfig  stm32f4xx_hal_rcc.o
    0x080019fe   0x080019fe   0x00000002   PAD
    0x08001a00   0x08001a00   0x00000026   Code   RO          620    .text.HAL_RCC_GetPCLK1Freq  stm32f4xx_hal_rcc.o
    0x08001a26   0x08001a26   0x00000002   PAD
    0x08001a28   0x08001a28   0x00000026   Code   RO          622    .text.HAL_RCC_GetPCLK2Freq  stm32f4xx_hal_rcc.o
    0x08001a4e   0x08001a4e   0x00000002   PAD
    0x08001a50   0x08001a50   0x00000068   Code   RO          610    .text.HAL_RCC_GetSysClockFreq  stm32f4xx_hal_rcc.o
    0x08001ab8   0x08001ab8   0x0000035c   Code   RO          606    .text.HAL_RCC_OscConfig  stm32f4xx_hal_rcc.o
    0x08001e14   0x08001e14   0x00000002   Code   RO          510    .text.HAL_TIMEx_BreakCallback  stm32f4xx_hal_tim_ex.o
    0x08001e16   0x08001e16   0x00000002   PAD
    0x08001e18   0x08001e18   0x00000002   Code   RO          506    .text.HAL_TIMEx_CommutCallback  stm32f4xx_hal_tim_ex.o
    0x08001e1a   0x08001e1a   0x00000002   PAD
    0x08001e1c   0x08001e1c   0x000000bc   Code   RO          500    .text.HAL_TIMEx_MasterConfigSynchronization  stm32f4xx_hal_tim_ex.o
    0x08001ed8   0x08001ed8   0x0000005a   Code   RO          205    .text.HAL_TIM_Base_Init  stm32f4xx_hal_tim.o
    0x08001f32   0x08001f32   0x00000002   PAD
    0x08001f34   0x08001f34   0x00000002   Code   RO          207    .text.HAL_TIM_Base_MspInit  stm32f4xx_hal_tim.o
    0x08001f36   0x08001f36   0x00000002   PAD
    0x08001f38   0x08001f38   0x000000a8   Code   RO          219    .text.HAL_TIM_Base_Start_IT  stm32f4xx_hal_tim.o
    0x08001fe0   0x08001fe0   0x00000002   Code   RO          341    .text.HAL_TIM_IC_CaptureCallback  stm32f4xx_hal_tim.o
    0x08001fe2   0x08001fe2   0x00000002   PAD
    0x08001fe4   0x08001fe4   0x0000014a   Code   RO          339    .text.HAL_TIM_IRQHandler  stm32f4xx_hal_tim.o
    0x0800212e   0x0800212e   0x00000002   PAD
    0x08002130   0x08002130   0x00000002   Code   RO          343    .text.HAL_TIM_OC_DelayElapsedCallback  stm32f4xx_hal_tim.o
    0x08002132   0x08002132   0x00000002   PAD
    0x08002134   0x08002134   0x00000216   Code   RO          359    .text.HAL_TIM_PWM_ConfigChannel  stm32f4xx_hal_tim.o
    0x0800234a   0x0800234a   0x00000002   PAD
    0x0800234c   0x0800234c   0x0000005a   Code   RO          259    .text.HAL_TIM_PWM_Init  stm32f4xx_hal_tim.o
    0x080023a6   0x080023a6   0x00000002   PAD
    0x080023a8   0x080023a8   0x00000048   Code   RO           90    .text.HAL_TIM_PWM_MspInit  tim.o
    0x080023f0   0x080023f0   0x00000002   Code   RO          345    .text.HAL_TIM_PWM_PulseFinishedCallback  stm32f4xx_hal_tim.o
    0x080023f2   0x080023f2   0x00000002   PAD
    0x080023f4   0x080023f4   0x0000014e   Code   RO          271    .text.HAL_TIM_PWM_Start_IT  stm32f4xx_hal_tim.o
    0x08002542   0x08002542   0x00000002   PAD
    0x08002544   0x08002544   0x00000012   Code   RO           17    .text.HAL_TIM_PeriodElapsedCallback  main.o
    0x08002556   0x08002556   0x00000002   PAD
    0x08002558   0x08002558   0x00000002   Code   RO          349    .text.HAL_TIM_TriggerCallback  stm32f4xx_hal_tim.o
    0x0800255a   0x0800255a   0x00000002   PAD
    0x0800255c   0x0800255c   0x00000068   Code   RO         1038    .text.HAL_UARTEx_ReceiveToIdle_DMA  stm32f4xx_hal_uart.o
    0x080025c4   0x080025c4   0x00000088   Code   RO         1036    .text.HAL_UARTEx_ReceiveToIdle_IT  stm32f4xx_hal_uart.o
    0x0800264c   0x0800264c   0x0000007a   Code   RO         1793    .text.HAL_UARTEx_RxEventCallback  serialcallback.o
    0x080026c6   0x080026c6   0x00000002   PAD
    0x080026c8   0x080026c8   0x00000060   Code   RO         1795    .text.HAL_UART_ErrorCallback  serialcallback.o
    0x08002728   0x08002728   0x00000004   Code   RO         1098    .text.HAL_UART_GetError  stm32f4xx_hal_uart.o
    0x0800272c   0x0800272c   0x00000316   Code   RO         1068    .text.HAL_UART_IRQHandler  stm32f4xx_hal_uart.o
    0x08002a42   0x08002a42   0x00000002   PAD
    0x08002a44   0x08002a44   0x00000060   Code   RO          990    .text.HAL_UART_Init  stm32f4xx_hal_uart.o
    0x08002aa4   0x08002aa4   0x000002ee   Code   RO          109    .text.HAL_UART_MspInit  usart.o
    0x08002d92   0x08002d92   0x00000002   PAD
    0x08002d94   0x08002d94   0x00000002   Code   RO         1082    .text.HAL_UART_RxCpltCallback  stm32f4xx_hal_uart.o
    0x08002d96   0x08002d96   0x00000002   PAD
    0x08002d98   0x08002d98   0x00000002   Code   RO         1084    .text.HAL_UART_RxHalfCpltCallback  stm32f4xx_hal_uart.o
    0x08002d9a   0x08002d9a   0x00000002   PAD
    0x08002d9c   0x08002d9c   0x00000092   Code   RO         1016    .text.HAL_UART_Transmit_DMA  stm32f4xx_hal_uart.o
    0x08002e2e   0x08002e2e   0x00000002   PAD
    0x08002e30   0x08002e30   0x00000002   Code   RO         1078    .text.HAL_UART_TxCpltCallback  stm32f4xx_hal_uart.o
    0x08002e32   0x08002e32   0x00000002   PAD
    0x08002e34   0x08002e34   0x00000002   Code   RO         1080    .text.HAL_UART_TxHalfCpltCallback  stm32f4xx_hal_uart.o
    0x08002e36   0x08002e36   0x00000002   PAD
    0x08002e38   0x08002e38   0x00000002   Code   RO          132    .text.HardFault_Handler  stm32f4xx_it.o
    0x08002e3a   0x08002e3a   0x00000002   PAD
    0x08002e3c   0x08002e3c   0x00000040   Code   RO           58    .text.MX_CAN1_Init  can.o
    0x08002e7c   0x08002e7c   0x00000040   Code   RO           60    .text.MX_CAN2_Init  can.o
    0x08002ebc   0x08002ebc   0x0000009c   Code   RO           77    .text.MX_DMA_Init   dma.o
    0x08002f58   0x08002f58   0x00000168   Code   RO           38    .text.MX_FREERTOS_Init  freertos.o
    0x080030c0   0x080030c0   0x00000088   Code   RO           28    .text.MX_GPIO_Init  gpio.o
    0x08003148   0x08003148   0x000000d4   Code   RO           86    .text.MX_TIM4_Init  tim.o
    0x0800321c   0x0800321c   0x0000003c   Code   RO          103    .text.MX_USART1_UART_Init  usart.o
    0x08003258   0x08003258   0x00000048   Code   RO          105    .text.MX_USART3_UART_Init  usart.o
    0x080032a0   0x080032a0   0x0000003c   Code   RO          107    .text.MX_USART6_UART_Init  usart.o
    0x080032dc   0x080032dc   0x00000002   Code   RO          134    .text.MemManage_Handler  stm32f4xx_it.o
    0x080032de   0x080032de   0x00000002   PAD
    0x080032e0   0x080032e0   0x0000000c   Code   RO         1597    .text.MotorControl  taskprocess.o
    0x080032ec   0x080032ec   0x00000002   Code   RO          130    .text.NMI_Handler   stm32f4xx_it.o
    0x080032ee   0x080032ee   0x00000002   PAD
    0x080032f0   0x080032f0   0x00000064   Code   RO         1557    .text.PendSV_Handler  port.o
    0x08003354   0x08003354   0x00000024   Code   RO         1599    .text.RemoteControl  taskprocess.o
    0x08003378   0x08003378   0x0000003a   Code   RO         1797    .text.RxEventCallback  serialcallback.o
    0x080033b2   0x080033b2   0x0000000e   PAD
    0x080033c0   0x080033c0   0x00000024   Code   RO         1541    .text.SVC_Handler   port.o
    0x080033e4   0x080033e4   0x00000008   Code   RO           40    .text.StartDefaultTask  freertos.o
    0x080033ec   0x080033ec   0x0000002e   Code   RO         1559    .text.SysTick_Handler  port.o
    0x0800341a   0x0800341a   0x00000002   PAD
    0x0800341c   0x0800341c   0x000000aa   Code   RO           13    .text.SystemClock_Config  main.o
    0x080034c6   0x080034c6   0x00000002   PAD
    0x080034c8   0x080034c8   0x00000012   Code   RO         1112    .text.SystemInit    system_stm32f4xx.o
    0x080034da   0x080034da   0x00000002   PAD
    0x080034dc   0x080034dc   0x0000000c   Code   RO          154    .text.TIM1_UP_TIM10_IRQHandler  stm32f4xx_it.o
    0x080034e8   0x080034e8   0x0000000c   Code   RO          156    .text.TIM4_IRQHandler  stm32f4xx_it.o
    0x080034f4   0x080034f4   0x0000012c   Code   RO          209    .text.TIM_Base_SetConfig  stm32f4xx_hal_tim.o
    0x08003620   0x08003620   0x0000000a   Code   RO         1072    .text.UART_DMAAbortOnError  stm32f4xx_hal_uart.o
    0x0800362a   0x0800362a   0x00000002   PAD
    0x0800362c   0x0800362c   0x000000a2   Code   RO         1022    .text.UART_DMAError  stm32f4xx_hal_uart.o
    0x080036ce   0x080036ce   0x00000002   PAD
    0x080036d0   0x080036d0   0x00000080   Code   RO         1100    .text.UART_DMAReceiveCplt  stm32f4xx_hal_uart.o
    0x08003750   0x08003750   0x00000018   Code   RO         1102    .text.UART_DMARxHalfCplt  stm32f4xx_hal_uart.o
    0x08003768   0x08003768   0x0000003e   Code   RO         1018    .text.UART_DMATransmitCplt  stm32f4xx_hal_uart.o
    0x080037a6   0x080037a6   0x00000002   PAD
    0x080037a8   0x080037a8   0x00000006   Code   RO         1020    .text.UART_DMATxHalfCplt  stm32f4xx_hal_uart.o
    0x080037ae   0x080037ae   0x00000002   PAD
    0x080037b0   0x080037b0   0x000000c0   Code   RO         1070    .text.UART_Receive_IT  stm32f4xx_hal_uart.o
    0x08003870   0x08003870   0x000000de   Code   RO          994    .text.UART_SetConfig  stm32f4xx_hal_uart.o
    0x0800394e   0x0800394e   0x00000002   PAD
    0x08003950   0x08003950   0x000000aa   Code   RO         1026    .text.UART_Start_Receive_DMA  stm32f4xx_hal_uart.o
    0x080039fa   0x080039fa   0x00000002   PAD
    0x080039fc   0x080039fc   0x0000000c   Code   RO          158    .text.USART1_IRQHandler  stm32f4xx_it.o
    0x08003a08   0x08003a08   0x0000000c   Code   RO          160    .text.USART3_IRQHandler  stm32f4xx_it.o
    0x08003a14   0x08003a14   0x0000000c   Code   RO          172    .text.USART6_IRQHandler  stm32f4xx_it.o
    0x08003a20   0x08003a20   0x00000002   Code   RO          138    .text.UsageFault_Handler  stm32f4xx_it.o
    0x08003a22   0x08003a22   0x00000002   PAD
    0x08003a24   0x08003a24   0x00000388   Code   RO         1687    .text._Z13ModeSelectionv  remoteoperation.o
    0x08003dac   0x08003dac   0x000000d4   Code   RO         1738    .text._Z13RmMotorRxDatav  djimotor.o
    0x08003e80   0x08003e80   0x0000010c   Code   RO         1681    .text._Z15ChassisSolutionv  remoteoperation.o
    0x08003f8c   0x08003f8c   0x000000ce   Code   RO         1744    .text._Z16DJImotorTX_0x200P17CAN_HandleTypeDef  djimotor.o
    0x0800405a   0x0800405a   0x00000002   PAD
    0x0800405c   0x0800405c   0x000001e4   Code   RO         1683    .text._Z40StandardizationOfWeightsAndMeasures_DR16v  remoteoperation.o
    0x08004240   0x08004240   0x000000ba   Code   RO         1812    .text._Z6B_starv    buzzer.o
    0x080042fa   0x080042fa   0x00000002   PAD
    0x080042fc   0x080042fc   0x000000ba   Code   RO         1816    .text._Z6B_stopv    buzzer.o
    0x080043b6   0x080043b6   0x00000002   PAD
    0x080043b8   0x080043b8   0x00000140   Code   RO         1667    .text._Z6Invokev    invoke.o
    0x080044f8   0x080044f8   0x00000154   Code   RO         1580    .text._Z9IMURxDatav  ensemble.o
    0x0800464c   0x0800464c   0x00000024   Code   RO         1617    .text._Z9vofa_sendffffff  boardcommunication_ctoa.o
    0x08004670   0x08004670   0x00000188   Code   RO         1641    .text._ZN3PID4PID_9NormalPIDEff  pid.o
    0x080047f8   0x080047f8   0x000000a2   Code   RO         1775    .text._ZN7Clicker4DR1614DR16DataUpdataEPh  clicker.o
    0x0800489a   0x0800489a   0x00000002   PAD
    0x0800489c   0x0800489c   0x00000050   Code   RO           11    .text.main          main.o
    0x080048ec   0x080048ec   0x00000010   Code   RO         1413    .text.osDelay       cmsis_os.o
    0x080048fc   0x080048fc   0x0000000a   Code   RO         1395    .text.osKernelStart  cmsis_os.o
    0x08004906   0x08004906   0x00000002   PAD
    0x08004908   0x08004908   0x0000005e   Code   RO         1401    .text.osThreadCreate  cmsis_os.o
    0x08004966   0x08004966   0x00000002   PAD
    0x08004968   0x08004968   0x0000011a   Code   RO         1275    .text.prvAddNewTaskToReadyList  tasks.o
    0x08004a82   0x08004a82   0x00000002   PAD
    0x08004a84   0x08004a84   0x00000096   Code   RO         1305    .text.prvIdleTask   tasks.o
    0x08004b1a   0x08004b1a   0x00000002   PAD
    0x08004b1c   0x08004b1c   0x00000028   Code   RO         1549    .text.prvPortStartFirstTask  port.o
    0x08004b44   0x08004b44   0x00000032   Code   RO         1539    .text.prvTaskExitError  port.o
    0x08004b76   0x08004b76   0x00000002   PAD
    0x08004b78   0x08004b78   0x0000019c   Code   RO         1509    .text.pvPortMalloc  heap_4.o
    0x08004d14   0x08004d14   0x00000024   Code   RO         1537    .text.pxPortInitialiseStack  port.o
    0x08004d38   0x08004d38   0x00000024   Code   RO         1164    .text.uxListRemove  list.o
    0x08004d5c   0x08004d5c   0x0000001a   Code   RO           36    .text.vApplicationGetIdleTaskMemory  freertos.o
    0x08004d76   0x08004d76   0x00000002   PAD
    0x08004d78   0x08004d78   0x00000016   Code   RO         1156    .text.vListInitialise  list.o
    0x08004d8e   0x08004d8e   0x00000002   PAD
    0x08004d90   0x08004d90   0x00000006   Code   RO         1158    .text.vListInitialiseItem  list.o
    0x08004d96   0x08004d96   0x00000002   PAD
    0x08004d98   0x08004d98   0x0000003a   Code   RO         1162    .text.vListInsert   list.o
    0x08004dd2   0x08004dd2   0x00000002   PAD
    0x08004dd4   0x08004dd4   0x0000001c   Code   RO         1160    .text.vListInsertEnd  list.o
    0x08004df0   0x08004df0   0x00000014   Code   RO         1547    .text.vPortEnableVFP  port.o
    0x08004e04   0x08004e04   0x00000046   Code   RO         1553    .text.vPortEnterCritical  port.o
    0x08004e4a   0x08004e4a   0x00000002   PAD
    0x08004e4c   0x08004e4c   0x0000002e   Code   RO         1555    .text.vPortExitCritical  port.o
    0x08004e7a   0x08004e7a   0x00000002   PAD
    0x08004e7c   0x08004e7c   0x000000d6   Code   RO         1511    .text.vPortFree     heap_4.o
    0x08004f52   0x08004f52   0x00000002   PAD
    0x08004f54   0x08004f54   0x00000034   Code   RO         1545    .text.vPortSetupTimerInterrupt  port.o
    0x08004f88   0x08004f88   0x000000c4   Code   RO         1281    .text.vTaskDelay    tasks.o
    0x0800504c   0x0800504c   0x00000080   Code   RO         1303    .text.vTaskStartScheduler  tasks.o
    0x080050cc   0x080050cc   0x00000010   Code   RO         1283    .text.vTaskSuspendAll  tasks.o
    0x080050dc   0x080050dc   0x00000086   Code   RO         1297    .text.vTaskSwitchContext  tasks.o
    0x08005162   0x08005162   0x00000002   PAD
    0x08005164   0x08005164   0x0000012e   Code   RO         1543    .text.xPortStartScheduler  port.o
    0x08005292   0x08005292   0x00000002   PAD
    0x08005294   0x08005294   0x000000bc   Code   RO         1277    .text.xTaskCreate   tasks.o
    0x08005350   0x08005350   0x000000ec   Code   RO         1273    .text.xTaskCreateStatic  tasks.o
    0x0800543c   0x0800543c   0x00000180   Code   RO         1309    .text.xTaskIncrementTick  tasks.o
    0x080055bc   0x080055bc   0x00000138   Code   RO         1287    .text.xTaskResumeAll  tasks.o
    0x080056f4   0x080056f4   0x00000026   Code   RO         3941    i.__ARM_fpclassifyf  m_wm.l(fpclassifyf.o)
    0x0800571a   0x0800571a   0x00000002   PAD
    0x0800571c   0x0800571c   0x00000150   Code   RO         3816    i.__hardfp_cosf     m_wm.l(cosf.o)
    0x0800586c   0x0800586c   0x000000b0   Code   RO         3842    i.__hardfp_fmodf    m_wm.l(fmodf.o)
    0x0800591c   0x0800591c   0x00000190   Code   RO         3869    i.__hardfp_sinf     m_wm.l(sinf.o)
    0x08005aac   0x08005aac   0x00000006   Code   RO         3944    i.__mathlib_flt_infnan  m_wm.l(funder.o)
    0x08005ab2   0x08005ab2   0x00000002   PAD
    0x08005ab4   0x08005ab4   0x00000010   Code   RO         3946    i.__mathlib_flt_invalid  m_wm.l(funder.o)
    0x08005ac4   0x08005ac4   0x00000010   Code   RO         3949    i.__mathlib_flt_underflow  m_wm.l(funder.o)
    0x08005ad4   0x08005ad4   0x00000154   Code   RO         3960    i.__mathlib_rredf2  m_wm.l(rredf.o)
    0x08005c28   0x08005c28   0x0000008c   Code   RO         3916    x$fpl$fnaninf       fz_wm.l(fnaninf.o)
    0x08005cb4   0x08005cb4   0x0000001a   Code   RO         4076    x$fpl$fpinit        fz_wm.l(fpinit.o)
    0x08005cce   0x08005cce   0x00000002   PAD
    0x08005cd0   0x08005cd0   0x000000f4   Code   RO         3918    x$fpl$frem          fz_wm.l(frem_clz.o)
    0x08005dc4   0x08005dc4   0x00000000   Code   RO         3924    x$fpl$usenofp       fz_wm.l(usenofp.o)
    0x08005dc4   0x08005dc4   0x00000020   Data   RO         3961    .constdata          m_wm.l(rredf.o)
    0x08005de4   0x08005de4   0x00000010   Data   RO         1117    .rodata.AHBPrescTable  system_stm32f4xx.o
    0x08005df4   0x08005df4   0x00000008   Data   RO         1118    .rodata.APBPrescTable  system_stm32f4xx.o
    0x08005dfc   0x08005dfc   0x00000030   Data   RO          425    .rodata.cst16       stm32f4xx_hal_tim.o
    0x08005e2c   0x08005e2c   0x00000008   Data   RO          776    .rodata.cst8        stm32f4xx_hal_dma.o
    0x08005e34   0x08005e34   0x00000043   Data   RO           44    .rodata.str1.1      freertos.o
    0x08005e77   0x08005e77   0x00000001   PAD
    0x08005e78   0x08005e78   0x00000020   Data   RO         4137    Region$$Table       anon$$obj.o


    Execution Region RW_IRAM1 (Exec base: 0x20000000, Load base: 0x08005e98, Size: 0x000050e0, Max: 0x0001c000, ABSOLUTE, COMPRESSED[0x00000068])

    Exec Addr    Load Addr    Size         Type   Attr      Idx    E Section Name        Object

    0x20000000   COMPRESSED   0x0000002c   Data   RW         1754    .data.M3508_201     djimotor.o
    0x2000002c   COMPRESSED   0x000000e0   Data   RW         1649    .data.M3508_201_PidInstance  pid.o
    0x2000010c   COMPRESSED   0x0000002c   Data   RW         1755    .data.M3508_202     djimotor.o
    0x20000138   COMPRESSED   0x000000e0   Data   RW         1650    .data.M3508_202_PidInstance  pid.o
    0x20000218   COMPRESSED   0x0000002c   Data   RW         1756    .data.M3508_203     djimotor.o
    0x20000244   COMPRESSED   0x000000e0   Data   RW         1651    .data.M3508_203_PidInstance  pid.o
    0x20000324   COMPRESSED   0x0000002c   Data   RW         1757    .data.M3508_204     djimotor.o
    0x20000350   COMPRESSED   0x000000e0   Data   RW         1652    .data.M3508_204_PidInstance  pid.o
    0x20000430   COMPRESSED   0x000000e0   Data   RW         1653    .data.Revolve_PidInstance  pid.o
    0x20000510   COMPRESSED   0x00000004   Data   RW         1116    .data.SystemCoreClock  system_stm32f4xx.o
    0x20000514   COMPRESSED   0x00000001   Data   RW         1623    .data.Transmit_flag  boardcommunication_ctoa.o
    0x20000515   COMPRESSED   0x00000003   PAD
    0x20000518   COMPRESSED   0x0000005c   Data   RW         1779    .data.dr16          clicker.o
    0x20000574   COMPRESSED   0x00000001   Data   RW          954    .data.uwTickFreq    stm32f4xx_hal.o
    0x20000575   COMPRESSED   0x00000003   PAD
    0x20000578   COMPRESSED   0x00000004   Data   RW          953    .data.uwTickPrio    stm32f4xx_hal.o
    0x2000057c   COMPRESSED   0x00000004   Data   RW         1565    .data.uxCriticalNesting  port.o
    0x20000580        -       0x00000060   Zero   RW         3988    .bss                c_w.l(libspace.o)
    0x200005e0        -       0x00000024   Zero   RW         1750    .bss.Can_RX         djimotor.o
    0x20000604        -       0x00000024   Zero   RW         1582    .bss.Can_RX_imu     ensemble.o
    0x20000628        -       0x00000004   Zero   RW           49    .bss.Chassis_WDGHandle  freertos.o
    0x2000062c        -       0x00000004   Zero   RW           46    .bss.Chassis_motorHandle  freertos.o
    0x20000630        -       0x00000004   Zero   RW           47    .bss.Chassis_remoteHandle  freertos.o
    0x20000634        -       0x00000004   Zero   RW           48    .bss.Chassis_stateHandle  freertos.o
    0x20000638        -       0x00000008   Zero   RW         1752    .bss.DJI_TX_Data    djimotor.o
    0x20000640        -       0x00000018   Zero   RW         1751    .bss.DJI_txHeader   djimotor.o
    0x20000658        -       0x00000004   Zero   RW         1622    .bss.Delay          boardcommunication_ctoa.o
    0x2000065c        -       0x00000004   Zero   RW           68    .bss.HAL_RCC_CAN1_CLK_ENABLED  can.o
    0x20000660        -       0x00000004   Zero   RW         1694    .bss.M3508_201_Remove  remoteoperation.o
    0x20000664        -       0x00000004   Zero   RW         1695    .bss.M3508_202_Remove  remoteoperation.o
    0x20000668        -       0x00000004   Zero   RW         1696    .bss.M3508_203_Remove  remoteoperation.o
    0x2000066c        -       0x00000004   Zero   RW         1697    .bss.M3508_204_Remove  remoteoperation.o
    0x20000670        -       0x00000010   Zero   RW         1758    .bss.M6020_206      djimotor.o
    0x20000680        -       0x00000005   Zero   RW         1620    .bss.RX_Data        boardcommunication_ctoa.o
    0x20000685        -       0x0000001b   Zero   RW         1619    .bss.TX_Data        boardcommunication_ctoa.o
    0x200006a0        -       0x0000000c   Zero   RW         1693    .bss.VehicleDirection  remoteoperation.o
    0x200006ac        -       0x0000003c   Zero   RW         1583    .bss.ch104          ensemble.o
    0x200006e8        -       0x00000001   Zero   RW         1698    .bss.dead_zone_flag0  remoteoperation.o
    0x200006e9        -       0x00000001   Zero   RW         1699    .bss.dead_zone_flag1  remoteoperation.o
    0x200006ea        -       0x00000001   Zero   RW         1700    .bss.dead_zone_flag2  remoteoperation.o
    0x200006eb        -       0x00000001   Zero   RW         1701    .bss.dead_zone_flag3  remoteoperation.o
    0x200006ec        -       0x00000001   Zero   RW         1702    .bss.dead_zone_flag4  remoteoperation.o
    0x200006ed   COMPRESSED   0x00000003   PAD
    0x200006f0        -       0x00000004   Zero   RW           45    .bss.defaultTaskHandle  freertos.o
    0x200006f4        -       0x00000028   Zero   RW           66    .bss.hcan1          can.o
    0x2000071c        -       0x00000028   Zero   RW           67    .bss.hcan2          can.o
    0x20000744        -       0x00000060   Zero   RW          116    .bss.hdma_usart1_rx  usart.o
    0x200007a4        -       0x00000060   Zero   RW          117    .bss.hdma_usart1_tx  usart.o
    0x20000804        -       0x00000060   Zero   RW          118    .bss.hdma_usart3_rx  usart.o
    0x20000864        -       0x00000060   Zero   RW          119    .bss.hdma_usart3_tx  usart.o
    0x200008c4        -       0x00000060   Zero   RW          121    .bss.hdma_usart6_rx  usart.o
    0x20000924        -       0x00000060   Zero   RW          120    .bss.hdma_usart6_tx  usart.o
    0x20000984        -       0x00000048   Zero   RW          196    .bss.htim1          stm32f4xx_hal_timebase_tim.o
    0x200009cc        -       0x00000048   Zero   RW           94    .bss.htim4          tim.o
    0x20000a14        -       0x00000048   Zero   RW          113    .bss.huart1         usart.o
    0x20000a5c        -       0x00000048   Zero   RW          114    .bss.huart3         usart.o
    0x20000aa4        -       0x00000048   Zero   RW          115    .bss.huart6         usart.o
    0x20000aec        -       0x00000012   Zero   RW         1780    .bss.pData          clicker.o
    0x20000afe   COMPRESSED   0x00000002   PAD
    0x20000b00        -       0x00000004   Zero   RW         1365    .bss.pxCurrentTCB   tasks.o
    0x20000b04        -       0x00000004   Zero   RW         1381    .bss.pxDelayedTaskList  tasks.o
    0x20000b08        -       0x00000004   Zero   RW         1521    .bss.pxEnd          heap_4.o
    0x20000b0c        -       0x00000004   Zero   RW         1382    .bss.pxOverflowDelayedTaskList  tasks.o
    0x20000b10        -       0x0000008c   Zero   RW         1366    .bss.pxReadyTasksLists  tasks.o
    0x20000b9c        -       0x00000020   Zero   RW         1621    .bss.send_str2      boardcommunication_ctoa.o
    0x20000bbc        -       0x00000004   Zero   RW         1669    .bss.tick_e         invoke.o
    0x20000bc0        -       0x00000004   Zero   RW         1777    .bss.tick_last      clicker.o
    0x20000bc4        -       0x00000004   Zero   RW         1778    .bss.tick_now       clicker.o
    0x20000bc8        -       0x00000004   Zero   RW         1753    .bss.txMailbox_DJI  djimotor.o
    0x20000bcc        -       0x00003c00   Zero   RW         1528    .bss.ucHeap         heap_4.o
    0x200047cc        -       0x00000001   Zero   RW         1563    .bss.ucMaxSysCallPriority  port.o
    0x200047cd   COMPRESSED   0x00000003   PAD
    0x200047d0        -       0x00000004   Zero   RW         1564    .bss.ulMaxPRIGROUPValue  port.o
    0x200047d4        -       0x00000004   Zero   RW          955    .bss.uwTick         stm32f4xx_hal.o
    0x200047d8        -       0x00000004   Zero   RW         1371    .bss.uxCurrentNumberOfTasks  tasks.o
    0x200047dc        -       0x00000004   Zero   RW         1370    .bss.uxDeletedTasksWaitingCleanUp  tasks.o
    0x200047e0        -       0x00000004   Zero   RW         1373    .bss.uxSchedulerSuspended  tasks.o
    0x200047e4        -       0x00000004   Zero   RW         1368    .bss.uxTaskNumber   tasks.o
    0x200047e8        -       0x00000004   Zero   RW         1367    .bss.uxTopReadyPriority  tasks.o
    0x200047ec        -       0x00000001   Zero   RW         1522    .bss.xBlockAllocatedBit  heap_4.o
    0x200047ed   COMPRESSED   0x00000003   PAD
    0x200047f0        -       0x00000014   Zero   RW         1384    .bss.xDelayedTaskList1  tasks.o
    0x20004804        -       0x00000014   Zero   RW         1385    .bss.xDelayedTaskList2  tasks.o
    0x20004818        -       0x00000004   Zero   RW         1523    .bss.xFreeBytesRemaining  heap_4.o
    0x2000481c        -       0x00000200   Zero   RW           43    .bss.xIdleStack     freertos.o
    0x20004a1c        -       0x00000004   Zero   RW         1376    .bss.xIdleTaskHandle  tasks.o
    0x20004a20        -       0x00000054   Zero   RW           42    .bss.xIdleTaskTCBBuffer  freertos.o
    0x20004a74        -       0x00000004   Zero   RW         1525    .bss.xMinimumEverFreeBytesRemaining  heap_4.o
    0x20004a78        -       0x00000004   Zero   RW         1377    .bss.xNextTaskUnblockTime  tasks.o
    0x20004a7c        -       0x00000004   Zero   RW         1383    .bss.xNumOfOverflows  tasks.o
    0x20004a80        -       0x00000004   Zero   RW         1526    .bss.xNumberOfSuccessfulAllocations  heap_4.o
    0x20004a84        -       0x00000004   Zero   RW         1527    .bss.xNumberOfSuccessfulFrees  heap_4.o
    0x20004a88        -       0x00000004   Zero   RW         1380    .bss.xPendedTicks   tasks.o
    0x20004a8c        -       0x00000014   Zero   RW         1375    .bss.xPendingReadyList  tasks.o
    0x20004aa0        -       0x00000004   Zero   RW         1372    .bss.xSchedulerRunning  tasks.o
    0x20004aa4        -       0x00000008   Zero   RW         1524    .bss.xStart         heap_4.o
    0x20004aac        -       0x00000014   Zero   RW         1374    .bss.xSuspendedTaskList  tasks.o
    0x20004ac0        -       0x00000014   Zero   RW         1369    .bss.xTasksWaitingTermination  tasks.o
    0x20004ad4        -       0x00000004   Zero   RW         1378    .bss.xTickCount     tasks.o
    0x20004ad8        -       0x00000004   Zero   RW         1379    .bss.xYieldPending  tasks.o
    0x20004adc   COMPRESSED   0x00000004   PAD
    0x20004ae0        -       0x00000200   Zero   RW            2    HEAP                startup_stm32f407xx.o
    0x20004ce0        -       0x00000400   Zero   RW            1    STACK               startup_stm32f407xx.o


    Execution Region RW_IRAM2 (Exec base: 0x2001c000, Load base: 0x08005f00, Size: 0x00000000, Max: 0x00004000, ABSOLUTE)

    **** No section assigned to this execution region ****


==============================================================================

Image component sizes


      Code (inc. data)   RO Data    RW Data    ZI Data      Debug   Object Name

       328         32          0          1         68      15507   boardcommunication_ctoa.o
       372          0          0          0          0       3177   buzzer.o
       480          0          0          0         84       6623   can.o
       162          0          0         92         26       3333   clicker.o
       120          0          0          0          0      22410   cmsis_os.o
       418         16          0        176         88       9595   djimotor.o
       156          0          0          0          0       3514   dma.o
       340         28          0          0         96       3849   ensemble.o
       394        140         67          0        616       3566   freertos.o
       136          0          0          0          0       1538   gpio.o
       626          0          0          0      15389       5092   heap_4.o
       320          4          0          0          4      12548   invoke.o
       150          0          0          0          0       2218   list.o
       274          0          0          0          0       6345   main.o
       392         16          0       1120          0      17288   pid.o
       798         16          0          4          5       4074   port.o
      1656         36          0          0         33      15227   remoteoperation.o
       276          0          0          0          0      16459   serialcallback.o
        64         26        392          0       1536        852   startup_stm32f407xx.o
        92          0          0          5          4       7298   stm32f4xx_hal.o
      1668          6          0          0          0      13489   stm32f4xx_hal_can.o
       152          0          0          0          0      10719   stm32f4xx_hal_cortex.o
      1034          4          8          0          0       9664   stm32f4xx_hal_dma.o
       404          0          0          0          0       5096   stm32f4xx_hal_gpio.o
        66          0          0          0          0       3536   stm32f4xx_hal_msp.o
      1454          0          0          0          0       7320   stm32f4xx_hal_rcc.o
      1856          4         48          0          0      57758   stm32f4xx_hal_tim.o
       192          0          0          0          0      22046   stm32f4xx_hal_tim_ex.o
       170          0          0          0         72       7217   stm32f4xx_hal_timebase_tim.o
      2260          0          0          0          0      26084   stm32f4xx_hal_uart.o
       204          0          0          0          0       8436   stm32f4xx_it.o
        18          0         24          4          0       2588   system_stm32f4xx.o
       216          4          0          0          0      14963   taskprocess.o
      2026          8          0          0        300      27195   tasks.o
       284          0          0          0         72       8322   tim.o
       942          0          0          0        792       7954   usart.o
       244          0          0          0          0       2848   usercan.o

    ----------------------------------------------------------------------
     20924        340        572       1408      19200     395748   Object Totals
         0          0         32          0          0          0   (incl. Generated)
       180          0          1          6         15          0   (incl. Padding)

    ----------------------------------------------------------------------

      Code (inc. data)   RO Data    RW Data    ZI Data      Debug   Library Member Name

        58          0          0          0          0          0   __dczerorl.o
         8          0          0          0          0         68   __main.o
         0          0          0          0          0          0   __rtentry.o
        12          0          0          0          0          0   __rtentry2.o
         6          0          0          0          0          0   __rtentry4.o
        94          8          0          0          0          0   __scatter.o
        28          0          0          0          0          0   __scatter_zi.o
        22          0          0          0          0        100   _rserrno.o
        18          0          0          0          0         80   exit.o
         6          0          0          0          0        152   heapauxi.o
         0          0          0          0          0          0   indicate_semi.o
         2          0          0          0          0          0   libinit.o
         6          0          0          0          0          0   libinit2.o
         2          0          0          0          0          0   libshutdown.o
         2          0          0          0          0          0   libshutdown2.o
         8          4          0          0         96         68   libspace.o
       240          0          0          0          0        100   lludivv7m.o
         8          4          0          0          0         68   rt_errno_addr_intlibspace.o
        78          0          0          0          0         80   rt_memclr_w.o
       138          0          0          0          0         68   rt_memcpy_v6.o
       100          0          0          0          0         80   rt_memcpy_w.o
         2          0          0          0          0          0   rtexit.o
        10          0          0          0          0          0   rtexit2.o
        12          4          0          0          0         68   sys_exit.o
        74          0          0          0          0         80   sys_stackheap_outer.o
         2          0          0          0          0         68   use_no_semi.o
       140          4          0          0          0        132   fnaninf.o
        26          0          0          0          0        116   fpinit.o
       244          8          0          0          0        132   frem_clz.o
         0          0          0          0          0          0   usenofp.o
       336         56          0          0          0        136   cosf.o
       176          0          0          0          0        168   fmodf.o
        38          0          0          0          0        116   fpclassifyf.o
        38         12          0          0          0        348   funder.o
       340         24         32          0          0        160   rredf.o
       400         56          0          0          0        212   sinf.o

    ----------------------------------------------------------------------
      2688        180         32          0         96       2600   Library Totals
        14          0          0          0          0          0   (incl. Padding)

    ----------------------------------------------------------------------

      Code (inc. data)   RO Data    RW Data    ZI Data      Debug   Library Name

       936         20          0          0         96       1080   c_w.l
       410         12          0          0          0        380   fz_wm.l
      1328        148         32          0          0       1140   m_wm.l

    ----------------------------------------------------------------------
      2688        180         32          0         96       2600   Library Totals

    ----------------------------------------------------------------------

==============================================================================


      Code (inc. data)   RO Data    RW Data    ZI Data      Debug   

     23612        520        604       1408      19296     396348   Grand Totals
     23612        520        604        104      19296     396348   ELF Image Totals (compressed)
     23612        520        604        104          0          0   ROM Totals

==============================================================================

    Total RO  Size (Code + RO Data)                24216 (  23.65kB)
    Total RW  Size (RW Data + ZI Data)             20704 (  20.22kB)
    Total ROM Size (Code + RO Data + RW Data)      24320 (  23.75kB)

==============================================================================

