<html>
<body>
<pre>
<h1>µVision Build Log</h1>
<h2>Tool Versions:</h2>
IDE-Version: ¦ÌVision V5.40.0.0
Copyright (C) 2024 ARM Ltd and ARM Germany GmbH. All rights reserved.
License Information: a WHC, a, LIC=Y2B1Q-NT8G7-06FQU-SI2XF-BGK9R-R47X3
 
Tool Versions:
Toolchain:       MDK-ARM Professional  Version: 5.40.0.3
Toolchain Path:  F:\keil5\ARM\ARMCLANG\Bin
C Compiler:      ArmClang.exe V6.22
Assembler:       Armasm.exe V6.22
Linker/Locator:  ArmLink.exe V6.22
Library Manager: ArmAr.exe V6.22
Hex Converter:   FromElf.exe V6.22
CPU DLL:         SARMCM3.DLL V5.40.0.3
Dialog DLL:      DCM.DLL V1.17.5.0
Target DLL:      CMSIS_AGDI.dll V1.33.18.0
Dialog DLL:      TCM.DLL V1.56.4.0
 
<h2>Project:</h2>
F:\RCIA\OmnidirectionalChassis_C_board_2026_Season\MDK-ARM\OmnidirectionalChassis_C_board_2026_Season.uvprojx
Project File Date:  09/21/2025

<h2>Output:</h2>
*** Using Compiler 'V6.22', folder: 'F:\keil5\ARM\ARMCLANG\Bin'
Build target 'OmnidirectionalChassis_C_board_2026_Season'
Note: source file '.\User\High\Collectivity\Ensemble.hpp' - object file renamed from 'OmnidirectionalChassis_C_board_2026_Season\Ensemble.o' to 'OmnidirectionalChassis_C_board_2026_Season\ensemble_1.o'.
Note: source file '.\User\Middle\Communication\BoardCommunication_CtoA.hpp' - object file renamed from 'OmnidirectionalChassis_C_board_2026_Season\BoardCommunication_CtoA.o' to 'OmnidirectionalChassis_C_board_2026_Season\boardcommunication_ctoa_1.o'.
Note: source file '.\User\Middle\MotorControl\ADRC.hpp' - object file renamed from 'OmnidirectionalChassis_C_board_2026_Season\ADRC.o' to 'OmnidirectionalChassis_C_board_2026_Season\adrc_1.o'.
Note: source file '.\User\Middle\MotorControl\Feedback.hpp' - object file renamed from 'OmnidirectionalChassis_C_board_2026_Season\Feedback.o' to 'OmnidirectionalChassis_C_board_2026_Season\feedback_1.o'.
Note: source file '.\User\Middle\MotorControl\PID.hpp' - object file renamed from 'OmnidirectionalChassis_C_board_2026_Season\PID.o' to 'OmnidirectionalChassis_C_board_2026_Season\pid_1.o'.
Note: source file '.\User\Middle\MotorControl\Invoke.hpp' - object file renamed from 'OmnidirectionalChassis_C_board_2026_Season\Invoke.o' to 'OmnidirectionalChassis_C_board_2026_Season\invoke_1.o'.
Note: source file '.\User\Middle\RemoteControl\RemoteOperation.hpp' - object file renamed from 'OmnidirectionalChassis_C_board_2026_Season\RemoteOperation.o' to 'OmnidirectionalChassis_C_board_2026_Season\remoteoperation_1.o'.
Note: source file '.\User\Low\ControllerAreaNetwork\UserCan.hpp' - object file renamed from 'OmnidirectionalChassis_C_board_2026_Season\UserCan.o' to 'OmnidirectionalChassis_C_board_2026_Season\usercan_1.o'.
Note: source file '.\User\Low\MotorLibrary\BenMo.hpp' - object file renamed from 'OmnidirectionalChassis_C_board_2026_Season\BenMo.o' to 'OmnidirectionalChassis_C_board_2026_Season\benmo_1.o'.
Note: source file '.\User\Low\MotorLibrary\DaMiao.hpp' - object file renamed from 'OmnidirectionalChassis_C_board_2026_Season\DaMiao.o' to 'OmnidirectionalChassis_C_board_2026_Season\damiao_1.o'.
Note: source file '.\User\Low\MotorLibrary\DJIMotor.hpp' - object file renamed from 'OmnidirectionalChassis_C_board_2026_Season\DJIMotor.o' to 'OmnidirectionalChassis_C_board_2026_Season\djimotor_1.o'.
Note: source file '.\User\Low\UniversalAsynchronousTransceiver\Clicker.hpp' - object file renamed from 'OmnidirectionalChassis_C_board_2026_Season\Clicker.o' to 'OmnidirectionalChassis_C_board_2026_Season\clicker_1.o'.
Note: source file '.\User\Low\UniversalAsynchronousTransceiver\SerialCallback.hpp' - object file renamed from 'OmnidirectionalChassis_C_board_2026_Season\SerialCallback.o' to 'OmnidirectionalChassis_C_board_2026_Season\serialcallback_1.o'.
Note: source file '.\User\Middle\Buzzer\buzzer.hpp' - object file renamed from 'OmnidirectionalChassis_C_board_2026_Season\buzzer.o' to 'OmnidirectionalChassis_C_board_2026_Season\buzzer_1.o'.
compiling Ensemble.hpp...
compiling Ensemble.cpp...
compiling UserCan.hpp...
compiling UserCan.cpp...
compiling BoardCommunication_CtoA.hpp...
compiling SerialCallback.hpp...
compiling BoardCommunication_CtoA.cpp...
compiling SerialCallback.cpp...
compiling TaskProcess.cpp...
linking...
Program Size: Code=23612 RO-data=604 RW-data=1408 ZI-data=19296  
FromELF: creating hex file...
"OmnidirectionalChassis_C_board_2026_Season\OmnidirectionalChassis_C_board_2026_Season.axf" - 0 Error(s), 0 Warning(s).

<h2>Software Packages used:</h2>

Package Vendor: ARM
                https://www.keil.com/pack/ARM.CMSIS.6.1.0.pack
                ARM::CMSIS@6.1.0
                CMSIS (Common Microcontroller Software Interface Standard)
   * Component: CORE Version: 6.1.0

Package Vendor: ARM
                https://www.keil.com/pack/ARM.CMSIS-DSP.1.15.0.pack
                ARM::CMSIS-DSP@1.15.0
                CMSIS Embedded Compute Library
   * Component: DSP Variant: Source Version: 1.15.0

Package Vendor: Keil
                https://www.keil.com/pack/Keil.STM32F4xx_DFP.3.0.0.pack
                Keil::STM32F4xx_DFP@3.0.0
                STMicroelectronics STM32F4 Series Device Support

<h2>Collection of Component include folders:</h2>
  ./RTE/_OmnidirectionalChassis_C_board_2026_Season
  F:/keil5/ARM/PACK/ARM/CMSIS-DSP/1.15.0/Include
  F:/keil5/ARM/PACK/ARM/CMSIS-DSP/1.15.0/PrivateInclude
  F:/keil5/ARM/PACK/ARM/CMSIS/6.1.0/CMSIS/Core/Include

<h2>Collection of Component Files used:</h2>

   * Component: ARM::CMSIS:CORE@6.1.0

   * Component: ARM::CMSIS:DSP&Source@1.15.0
      Source file:   Source/BayesFunctions/BayesFunctions.c
      Source file:   Source/DistanceFunctions/DistanceFunctions.c
      Source file:   Source/FastMathFunctions/FastMathFunctions.c
      Include file:  Include/arm_common_tables_f16.h
      Source file:   Source/BasicMathFunctions/BasicMathFunctions.c
      Source file:   Source/ControllerFunctions/ControllerFunctions.c
      Source file:   Source/FilteringFunctions/FilteringFunctions.c
      Source file:   Source/MatrixFunctions/MatrixFunctions.c
      Source file:   Source/CommonTables/CommonTables.c
      Source file:   Source/StatisticsFunctions/StatisticsFunctions.c
      Include file:  Include/arm_math.h
      Source file:   Source/QuaternionMathFunctions/QuaternionMathFunctions.c
      Include file:  Include/arm_math_f16.h
      Include file:  Include/arm_const_structs.h
      Include file:  Include/arm_common_tables.h
      Include file:  Include/arm_const_structs_f16.h
      Source file:   Source/ComplexMathFunctions/ComplexMathFunctions.c
      Source file:   Source/CommonTables/CommonTablesF16.c
      Source file:   Source/InterpolationFunctions/InterpolationFunctionsF16.c
      Source file:   Source/SVMFunctions/SVMFunctionsF16.c
      Source file:   Source/DistanceFunctions/DistanceFunctionsF16.c
      Source file:   Source/BayesFunctions/BayesFunctionsF16.c
      Source file:   Source/SupportFunctions/SupportFunctions.c
      Source file:   Source/FastMathFunctions/FastMathFunctionsF16.c
      Source file:   Source/ComplexMathFunctions/ComplexMathFunctionsF16.c
      Source file:   Source/BasicMathFunctions/BasicMathFunctionsF16.c
      Source file:   Source/TransformFunctions/TransformFunctions.c
      Source file:   Source/SVMFunctions/SVMFunctions.c
      Source file:   Source/TransformFunctions/TransformFunctionsF16.c
      Source file:   Source/FilteringFunctions/FilteringFunctionsF16.c
      Source file:   Source/MatrixFunctions/MatrixFunctionsF16.c
      Source file:   Source/InterpolationFunctions/InterpolationFunctions.c
      Source file:   Source/StatisticsFunctions/StatisticsFunctionsF16.c
      Source file:   Source/SupportFunctions/SupportFunctionsF16.c
Build Time Elapsed:  00:00:02
</pre>
</body>
</html>
